Archive member included because of file (symbol)

/usr/lib/gcc/arm-none-eabi/4.8.2/../../../arm-none-eabi/lib/armv7e-m/libg.a(lib_a-memcmp.o)
                              build/obj/etharp.o (memcmp)
/usr/lib/gcc/arm-none-eabi/4.8.2/../../../arm-none-eabi/lib/armv7e-m/libg.a(lib_a-memcpy.o)
                              build/obj/mac_lld.o (memcpy)
/usr/lib/gcc/arm-none-eabi/4.8.2/../../../arm-none-eabi/lib/armv7e-m/libg.a(lib_a-memset.o)
                              build/obj/mem.o (memset)
/usr/lib/gcc/arm-none-eabi/4.8.2/../../../arm-none-eabi/lib/armv7e-m/libg.a(lib_a-strlen.o)
                              build/obj/pbuf.o (strlen)

Discarded input sections

 .text          0x0000000000000000        0x0 build/obj/crt0.o
 .data          0x0000000000000000        0x0 build/obj/crt0.o
 .bss           0x0000000000000000        0x0 build/obj/crt0.o
 .text.__early_init
                0x0000000000000000       0x10 build/obj/crt0.o
 .text          0x0000000000000000        0x0 build/obj/vectors.o
 .data          0x0000000000000000        0x0 build/obj/vectors.o
 .bss           0x0000000000000000        0x0 build/obj/vectors.o
 .text          0x0000000000000000        0x0 build/obj/chcore.o
 .data          0x0000000000000000        0x0 build/obj/chcore.o
 .bss           0x0000000000000000        0x0 build/obj/chcore.o
 .text          0x0000000000000000        0x0 build/obj/chcore_v7m.o
 .data          0x0000000000000000        0x0 build/obj/chcore_v7m.o
 .bss           0x0000000000000000        0x0 build/obj/chcore_v7m.o
 .text          0x0000000000000000        0x0 build/obj/nvic.o
 .data          0x0000000000000000        0x0 build/obj/nvic.o
 .bss           0x0000000000000000        0x0 build/obj/nvic.o
 .text.nvicDisableVector
                0x0000000000000000       0x50 build/obj/nvic.o
 .text          0x0000000000000000        0x0 build/obj/chsys.o
 .data          0x0000000000000000        0x0 build/obj/chsys.o
 .bss           0x0000000000000000        0x0 build/obj/chsys.o
 .text          0x0000000000000000        0x0 build/obj/chdebug.o
 .data          0x0000000000000000        0x0 build/obj/chdebug.o
 .bss           0x0000000000000000        0x0 build/obj/chdebug.o
 .debug_info    0x0000000000000000       0x79 build/obj/chdebug.o
 .debug_abbrev  0x0000000000000000       0x26 build/obj/chdebug.o
 .debug_aranges
                0x0000000000000000       0x18 build/obj/chdebug.o
 .debug_line    0x0000000000000000       0x1d build/obj/chdebug.o
 .debug_str     0x0000000000000000      0x1a5 build/obj/chdebug.o
 .comment       0x0000000000000000       0x20 build/obj/chdebug.o
 .ARM.attributes
                0x0000000000000000       0x33 build/obj/chdebug.o
 .text          0x0000000000000000        0x0 build/obj/chlists.o
 .data          0x0000000000000000        0x0 build/obj/chlists.o
 .bss           0x0000000000000000        0x0 build/obj/chlists.o
 .debug_info    0x0000000000000000       0x79 build/obj/chlists.o
 .debug_abbrev  0x0000000000000000       0x26 build/obj/chlists.o
 .debug_aranges
                0x0000000000000000       0x18 build/obj/chlists.o
 .debug_line    0x0000000000000000       0x1d build/obj/chlists.o
 .debug_str     0x0000000000000000      0x1a5 build/obj/chlists.o
 .comment       0x0000000000000000       0x20 build/obj/chlists.o
 .ARM.attributes
                0x0000000000000000       0x33 build/obj/chlists.o
 .text          0x0000000000000000        0x0 build/obj/chvt.o
 .data          0x0000000000000000        0x0 build/obj/chvt.o
 .bss           0x0000000000000000        0x0 build/obj/chvt.o
 .text          0x0000000000000000        0x0 build/obj/chschd.o
 .data          0x0000000000000000        0x0 build/obj/chschd.o
 .bss           0x0000000000000000        0x0 build/obj/chschd.o
 .text          0x0000000000000000        0x0 build/obj/chthreads.o
 .data          0x0000000000000000        0x0 build/obj/chthreads.o
 .bss           0x0000000000000000        0x0 build/obj/chthreads.o
 .text          0x0000000000000000        0x0 build/obj/chdynamic.o
 .data          0x0000000000000000        0x0 build/obj/chdynamic.o
 .bss           0x0000000000000000        0x0 build/obj/chdynamic.o
 .text          0x0000000000000000        0x0 build/obj/chregistry.o
 .data          0x0000000000000000        0x0 build/obj/chregistry.o
 .bss           0x0000000000000000        0x0 build/obj/chregistry.o
 .text          0x0000000000000000        0x0 build/obj/chsem.o
 .data          0x0000000000000000        0x0 build/obj/chsem.o
 .bss           0x0000000000000000        0x0 build/obj/chsem.o
 .text          0x0000000000000000        0x0 build/obj/chmtx.o
 .data          0x0000000000000000        0x0 build/obj/chmtx.o
 .bss           0x0000000000000000        0x0 build/obj/chmtx.o
 .text.chMtxTryLockS
                0x0000000000000000       0x20 build/obj/chmtx.o
 .text          0x0000000000000000        0x0 build/obj/chcond.o
 .data          0x0000000000000000        0x0 build/obj/chcond.o
[...]
Memory Configuration

Name             Origin             Length             Attributes
flash            0x0000000008000000 0x0000000000100000
ram              0x0000000020000000 0x000000000001c000
ethram           0x000000002001c000 0x0000000000004000
ccmram           0x0000000010000000 0x0000000000010000
*default*        0x0000000000000000 0xffffffffffffffff

Linker script and memory map

LOAD build/obj/crt0.o
LOAD build/obj/vectors.o
LOAD build/obj/chcore.o
LOAD build/obj/chcore_v7m.o
LOAD build/obj/nvic.o
LOAD build/obj/chsys.o
LOAD build/obj/chdebug.o
LOAD build/obj/chlists.o
LOAD build/obj/chvt.o
LOAD build/obj/chschd.o
LOAD build/obj/chthreads.o
LOAD build/obj/chdynamic.o
LOAD build/obj/chregistry.o
LOAD build/obj/chsem.o
LOAD build/obj/chmtx.o
LOAD build/obj/chcond.o
LOAD build/obj/chevents.o
LOAD build/obj/chmsg.o
LOAD build/obj/chmboxes.o
LOAD build/obj/chqueues.o
LOAD build/obj/chmemcore.o
LOAD build/obj/chheap.o
LOAD build/obj/chmempools.o
LOAD build/obj/test.o
LOAD build/obj/testthd.o
LOAD build/obj/testsem.o
LOAD build/obj/testmtx.o
LOAD build/obj/testmsg.o
LOAD build/obj/testmbox.o
LOAD build/obj/testevt.o
LOAD build/obj/testheap.o
LOAD build/obj/testpools.o
LOAD build/obj/testdyn.o
LOAD build/obj/testqueues.o
LOAD build/obj/testbmk.o
LOAD build/obj/hal.o
LOAD build/obj/adc.o
LOAD build/obj/can.o
LOAD build/obj/ext.o
LOAD build/obj/gpt.o
LOAD build/obj/i2c.o
LOAD build/obj/icu.o
LOAD build/obj/mac.o
LOAD build/obj/mmc_spi.o
LOAD build/obj/mmcsd.o
LOAD build/obj/pal.o
LOAD build/obj/pwm.o
LOAD build/obj/rtc.o
LOAD build/obj/sdc.o
LOAD build/obj/serial.o
LOAD build/obj/serial_usb.o
LOAD build/obj/spi.o
LOAD build/obj/tm.o
LOAD build/obj/uart.o
LOAD build/obj/usb.o
LOAD build/obj/stm32_dma.o
LOAD build/obj/hal_lld.o
LOAD build/obj/adc_lld.o
LOAD build/obj/ext_lld_isr.o
LOAD build/obj/can_lld.o
LOAD build/obj/ext_lld.o
LOAD build/obj/mac_lld.o
LOAD build/obj/sdc_lld.o
LOAD build/obj/pal_lld.o
LOAD build/obj/i2c_lld.o
LOAD build/obj/usb_lld.o
LOAD build/obj/rtc_lld.o
LOAD build/obj/spi_lld.o
LOAD build/obj/gpt_lld.o
LOAD build/obj/icu_lld.o
LOAD build/obj/pwm_lld.o
LOAD build/obj/serial_lld.o
LOAD build/obj/uart_lld.o
LOAD build/obj/board.o
LOAD build/obj/lwipthread.o
LOAD build/obj/sys_arch.o
LOAD build/obj/etharp.o
LOAD build/obj/dhcp.o
LOAD build/obj/dns.o
LOAD build/obj/init.o
LOAD build/obj/mem.o
LOAD build/obj/memp.o
LOAD build/obj/netif.o
LOAD build/obj/pbuf.o
LOAD build/obj/raw.o
LOAD build/obj/stats.o
LOAD build/obj/sys.o
LOAD build/obj/tcp.o
LOAD build/obj/tcp_in.o
LOAD build/obj/tcp_out.o
LOAD build/obj/udp.o
LOAD build/obj/autoip.o
LOAD build/obj/icmp.o
LOAD build/obj/igmp.o
LOAD build/obj/inet.o
LOAD build/obj/inet_chksum.o
LOAD build/obj/ip.o
LOAD build/obj/ip_addr.o
LOAD build/obj/ip_frag.o
LOAD build/obj/def.o
LOAD build/obj/timers.o
LOAD build/obj/api_lib.o
LOAD build/obj/api_msg.o
LOAD build/obj/err.o
LOAD build/obj/netbuf.o
LOAD build/obj/netdb.o
LOAD build/obj/netifapi.o
LOAD build/obj/sockets.o
LOAD build/obj/tcpip.o
LOAD build/obj/evtimer.o
LOAD build/obj/web.o
LOAD build/obj/main.o
                0x0000000000000400                __main_stack_size__ = 0x400
                0x0000000000000400                __process_stack_size__ = 0x400
                0x0000000020000000                __ram_start__ = ORIGIN (ram)
                0x000000000001c000                __ram_size__ = 0x1c000
                0x000000002001c000                __ram_end__ = (__ram_start__ + __ram_size__)
                0x0000000000000000                . = 0x0
                0x0000000000000000                _text = .

startup         0x0000000008000000      0x1ac
 *(vectors)
 vectors        0x0000000008000000      0x1ac build/obj/vectors.o
                0x0000000008000000                _vectors

constructors    0x00000000080001ac        0x0
                0x00000000080001ac                PROVIDE (__init_array_start, .)
 *(SORT(.init_array.*))
 *(.init_array)
                0x00000000080001ac                PROVIDE (__init_array_end, .)

destructors     0x00000000080001ac        0x0
                0x00000000080001ac                PROVIDE (__fini_array_start, .)
 *(.fini_array)
 *(SORT(.fini_array.*))
                0x00000000080001ac                PROVIDE (__fini_array_end, .)

.text           0x00000000080001b0    0x10018
 *(.text.startup.*)
 .text.startup.main
                0x00000000080001b0       0xb0 build/obj/main.o
                0x00000000080001b0                main
 *(.text)
 .text          0x0000000008000260      0x134 /usr/lib/gcc/arm-none-eabi/4.8.2/../../../arm-none-eabi/lib/armv7e-m/libg.a(lib_a-memcpy.o)
                0x0000000008000260                memcpy
 *(.text.*)
 *fill*         0x0000000008000394        0xc 
 .text.__late_init
                0x00000000080003a0       0x10 build/obj/crt0.o
                0x00000000080003a0                __late_init
 .text._default_exit
                0x00000000080003b0       0x10 build/obj/crt0.o
                0x00000000080003b0                _default_exit
 .text.ResetHandler
                0x00000000080003c0      0x140 build/obj/crt0.o
                0x00000000080003c0                ResetHandler
 .text._unhandled_exception
                0x0000000008000500       0x10 build/obj/vectors.o
                0x0000000008000500                Vector58
                0x0000000008000500                VectorE8
                0x0000000008000500                Vector9C
                0x0000000008000500                VectorAC
                0x0000000008000500                Vector1A0
                0x0000000008000500                Vector5C
                0x0000000008000500                NMIVector
                0x0000000008000500                Vector11C
                0x0000000008000500                Vector19C
                0x0000000008000500                Vector8C
                0x0000000008000500                VectorDC
                0x0000000008000500                Vector168
                0x0000000008000500                Vector110
                0x0000000008000500                Vector120
                0x0000000008000500                VectorC8
                0x0000000008000500                Vector94
                0x0000000008000500                VectorA8
                0x0000000008000500                VectorB4
                0x0000000008000500                Vector74
                0x0000000008000500                Vector160
                0x0000000008000500                VectorEC
                0x0000000008000500                UsageFaultVector
                0x0000000008000500                DebugMonitorVector
                0x0000000008000500                Vector40
                0x0000000008000500                VectorF8
                0x0000000008000500                Vector108
                0x0000000008000500                VectorBC
                0x0000000008000500                Vector190
                0x0000000008000500                Vector150
                0x0000000008000500                Vector124
                0x0000000008000500                Vector148
                0x0000000008000500                Vector188
                0x0000000008000500                PendSVVector
                0x0000000008000500                Vector198
                0x0000000008000500                Vector118
                0x0000000008000500                Vector64
                0x0000000008000500                VectorCC
                0x0000000008000500                Vector54
                0x0000000008000500                Vector98
                0x0000000008000500                VectorD8
                0x0000000008000500                Vector138
                0x0000000008000500                Vector24
                0x0000000008000500                Vector178
                0x0000000008000500                Vector84
                0x0000000008000500                Vector1A4
                0x0000000008000500                BusFaultVector
                0x0000000008000500                VectorD0
                0x0000000008000500                Vector140
                0x0000000008000500                VectorE4
                0x0000000008000500                VectorC0
                0x0000000008000500                Vector158
                0x0000000008000500                Vector130
                0x0000000008000500                HardFaultVector
                0x0000000008000500                VectorF0
                0x0000000008000500                Vector12C
                0x0000000008000500                Vector13C
                0x0000000008000500                Vector100
                0x0000000008000500                VectorE0
                0x0000000008000500                VectorF4
                0x0000000008000500                MemManageVector
                0x0000000008000500                Vector6C
                0x0000000008000500                VectorA0
                0x0000000008000500                VectorC4
                0x0000000008000500                Vector7C
                0x0000000008000500                Vector180
                0x0000000008000500                VectorB0
                0x0000000008000500                Vector90
                0x0000000008000500                Vector114
                0x0000000008000500                Vector164
                0x0000000008000500                Vector60
                0x0000000008000500                Vector1C
                0x0000000008000500                Vector17C
                0x0000000008000500                Vector48
                0x0000000008000500                Vector1A8
                0x0000000008000500                Vector16C
                0x0000000008000500                Vector70
                0x0000000008000500                VectorD4
                0x0000000008000500                Vector4C
                0x0000000008000500                Vector144
                0x0000000008000500                Vector80
                0x0000000008000500                Vector68
                0x0000000008000500                Vector78
                0x0000000008000500                _unhandled_exception
                0x0000000008000500                Vector170
                0x0000000008000500                Vector88
                0x0000000008000500                Vector104
                0x0000000008000500                Vector184
                0x0000000008000500                Vector10C
                0x0000000008000500                Vector14C
                0x0000000008000500                Vector50
                0x0000000008000500                Vector194
                0x0000000008000500                Vector154
                0x0000000008000500                Vector44
                0x0000000008000500                Vector28
                0x0000000008000500                VectorFC
                0x0000000008000500                Vector34
                0x0000000008000500                Vector128
                0x0000000008000500                VectorA4
                0x0000000008000500                Vector20
                0x0000000008000500                Vector18C
                0x0000000008000500                Vector174
 .text.port_halt
                0x0000000008000510       0x10 build/obj/chcore.o
                0x0000000008000510                port_halt
 .text._port_switch_from_isr
                0x0000000008000520       0x10 build/obj/chcore_v7m.o
                0x0000000008000520                _port_switch_from_isr
 .text.SVCallVector
                0x0000000008000530       0x20 build/obj/chcore_v7m.o
                0x0000000008000530                SVCallVector
 .text._port_init
                0x0000000008000550       0x40 build/obj/chcore_v7m.o
                0x0000000008000550                _port_init
 .text._port_irq_epilogue
                0x0000000008000590       0x80 build/obj/chcore_v7m.o
                0x0000000008000590                _port_irq_epilogue
 .text.SysTickVector
                0x0000000008000610       0x20 build/obj/chcore_v7m.o
                0x0000000008000610                SysTickVector
 .text._port_switch
                0x0000000008000630       0x10 build/obj/chcore_v7m.o
                0x0000000008000630                _port_switch
 .text._port_thread_start
                0x0000000008000640       0x10 build/obj/chcore_v7m.o
                0x0000000008000640                _port_thread_start
 .text.nvicEnableVector
                0x0000000008000650       0x50 build/obj/nvic.o
                0x0000000008000650                nvicEnableVector
 .text.nvicSetSystemHandlerPriority
                0x00000000080006a0       0x30 build/obj/nvic.o
                0x00000000080006a0                nvicSetSystemHandlerPriority
 .text._idle_thread
                0x00000000080006d0       0x20 build/obj/chsys.o
                0x00000000080006d0                _idle_thread
 .text.chSysInit
                0x00000000080006f0       0x70 build/obj/chsys.o
                0x00000000080006f0                chSysInit
 .text.chSysTimerHandlerI
                0x0000000008000760       0x70 build/obj/chsys.o
                0x0000000008000760                chSysTimerHandlerI
 .text._vt_init
                0x00000000080007d0       0x20 build/obj/chvt.o
                0x00000000080007d0                _vt_init
 .text.chVTSetI
                0x00000000080007f0       0x40 build/obj/chvt.o
                0x00000000080007f0                chVTSetI
 .text.chVTResetI
                0x0000000008000830       0x30 build/obj/chvt.o
                0x0000000008000830                chVTResetI
 .text.wakeup   0x0000000008000860       0x70 build/obj/chschd.o
 .text._scheduler_init
                0x00000000080008d0       0x20 build/obj/chschd.o
                0x00000000080008d0                _scheduler_init
 .text.chSchReadyI
                0x00000000080008f0       0x30 build/obj/chschd.o
                0x00000000080008f0                chSchReadyI
 .text.chSchGoSleepS
                0x0000000008000920       0x30 build/obj/chschd.o
                0x0000000008000920                chSchGoSleepS
 .text.chSchGoSleepTimeoutS
                0x0000000008000950       0x50 build/obj/chschd.o
                0x0000000008000950                chSchGoSleepTimeoutS
 .text.chSchWakeupS
                0x00000000080009a0       0x70 build/obj/chschd.o
                0x00000000080009a0                chSchWakeupS
 .text.chSchDoRescheduleBehind
                0x0000000008000a10       0x50 build/obj/chschd.o
                0x0000000008000a10                chSchDoRescheduleBehind
 .text.chSchDoRescheduleAhead
                0x0000000008000a60       0x40 build/obj/chschd.o
                0x0000000008000a60                chSchDoRescheduleAhead
 .text.chSchRescheduleS
                0x0000000008000aa0       0x20 build/obj/chschd.o
                0x0000000008000aa0                chSchRescheduleS
 .text.chSchDoReschedule
                0x0000000008000ac0       0x20 build/obj/chschd.o
                0x0000000008000ac0                chSchDoReschedule
 .text._thread_init
                0x0000000008000ae0       0x60 build/obj/chthreads.o
                0x0000000008000ae0                _thread_init
 .text.chThdCreateI
                0x0000000008000b40       0x80 build/obj/chthreads.o
                0x0000000008000b40                chThdCreateI
 .text.chThdCreateStatic
                0x0000000008000bc0       0x90 build/obj/chthreads.o
                0x0000000008000bc0                chThdCreateStatic
 .text.chThdSetPriority
                0x0000000008000c50       0x30 build/obj/chthreads.o
                0x0000000008000c50                chThdSetPriority
 .text.chThdResume
                0x0000000008000c80       0x20 build/obj/chthreads.o
                0x0000000008000c80                chThdResume
 .text.chThdTerminate
                0x0000000008000ca0       0x20 build/obj/chthreads.o
                0x0000000008000ca0                chThdTerminate
 .text.chThdSleep
                0x0000000008000cc0       0x20 build/obj/chthreads.o
                0x0000000008000cc0                chThdSleep
 .text.chThdSleepUntil
                0x0000000008000ce0       0x30 build/obj/chthreads.o
                0x0000000008000ce0                chThdSleepUntil
 .text.chThdYield
                0x0000000008000d10       0x30 build/obj/chthreads.o
                0x0000000008000d10                chThdYield
 .text.chThdExitS
                0x0000000008000d40       0x40 build/obj/chthreads.o
                0x0000000008000d40                chThdExitS
 .text.chThdExit
                0x0000000008000d80       0x10 build/obj/chthreads.o
                0x0000000008000d80                chThdExit
 .text.chThdWait
                0x0000000008000d90       0x40 build/obj/chthreads.o
                0x0000000008000d90                chThdWait
 .text.chThdAddRef
                0x0000000008000dd0       0x20 build/obj/chdynamic.o
                0x0000000008000dd0                chThdAddRef
 .text.chThdRelease
                0x0000000008000df0       0x50 build/obj/chdynamic.o
                0x0000000008000df0                chThdRelease
 .text.chThdCreateFromHeap
                0x0000000008000e40       0x40 build/obj/chdynamic.o
                0x0000000008000e40                chThdCreateFromHeap
 .text.chThdCreateFromMemoryPool
                0x0000000008000e80       0x40 build/obj/chdynamic.o
                0x0000000008000e80                chThdCreateFromMemoryPool
 .text.chRegFirstThread
                0x0000000008000ec0       0x20 build/obj/chregistry.o
                0x0000000008000ec0                chRegFirstThread
 .text.chRegNextThread
                0x0000000008000ee0       0x30 build/obj/chregistry.o
                0x0000000008000ee0                chRegNextThread
 .text.chSemInit
                0x0000000008000f10       0x10 build/obj/chsem.o
                0x0000000008000f10                chSemInit
 .text.chSemResetI
                0x0000000008000f20       0x30 build/obj/chsem.o
                0x0000000008000f20                chSemResetI
 .text.chSemReset
                0x0000000008000f50       0x20 build/obj/chsem.o
                0x0000000008000f50                chSemReset
 .text.chSemWaitS
                0x0000000008000f70       0x40 build/obj/chsem.o
                0x0000000008000f70                chSemWaitS
 .text.chSemWait
                0x0000000008000fb0       0x20 build/obj/chsem.o
                0x0000000008000fb0                chSemWait
 .text.chSemWaitTimeoutS
                0x0000000008000fd0       0x50 build/obj/chsem.o
                0x0000000008000fd0                chSemWaitTimeoutS
 .text.chSemWaitTimeout
                0x0000000008001020       0x20 build/obj/chsem.o
                0x0000000008001020                chSemWaitTimeout
 .text.chSemSignal
                0x0000000008001040       0x40 build/obj/chsem.o
                0x0000000008001040                chSemSignal
 .text.chSemSignalI
                0x0000000008001080       0x30 build/obj/chsem.o
                0x0000000008001080                chSemSignalI
 .text.chSemAddCounterI
                0x00000000080010b0       0x30 build/obj/chsem.o
                0x00000000080010b0                chSemAddCounterI
 .text.chSemSignalWait
                0x00000000080010e0       0x70 build/obj/chsem.o
                0x00000000080010e0                chSemSignalWait
 .text.chMtxInit
                0x0000000008001150       0x10 build/obj/chmtx.o
                0x0000000008001150                chMtxInit
 .text.chMtxLockS
                0x0000000008001160       0xd0 build/obj/chmtx.o
                0x0000000008001160                chMtxLockS
 .text.chMtxLock
                0x0000000008001230       0x20 build/obj/chmtx.o
                0x0000000008001230                chMtxLock
 .text.chMtxTryLock
                0x0000000008001250       0x40 build/obj/chmtx.o
                0x0000000008001250                chMtxTryLock
 .text.chMtxUnlock
                0x0000000008001290       0x70 build/obj/chmtx.o
                0x0000000008001290                chMtxUnlock
 .text.chMtxUnlockS
                0x0000000008001300       0x60 build/obj/chmtx.o
                0x0000000008001300                chMtxUnlockS
 .text.chMtxUnlockAll
                0x0000000008001360       0x50 build/obj/chmtx.o
                0x0000000008001360                chMtxUnlockAll
 .text.chCondInit
                0x00000000080013b0       0x10 build/obj/chcond.o
                0x00000000080013b0                chCondInit
 .text.chCondSignal
                0x00000000080013c0       0x30 build/obj/chcond.o
                0x00000000080013c0                chCondSignal
 .text.chCondSignalI
                0x00000000080013f0       0x20 build/obj/chcond.o
                0x00000000080013f0                chCondSignalI
 .text.chCondBroadcastI
                0x0000000008001410       0x30 build/obj/chcond.o
                0x0000000008001410                chCondBroadcastI
 .text.chCondBroadcast
                0x0000000008001440       0x20 build/obj/chcond.o
                0x0000000008001440                chCondBroadcast
 .text.chCondWaitS
                0x0000000008001460       0x50 build/obj/chcond.o
                0x0000000008001460                chCondWaitS
 .text.chCondWait
                0x00000000080014b0       0x20 build/obj/chcond.o
                0x00000000080014b0                chCondWait
 .text.chCondWaitTimeoutS
                0x00000000080014d0       0x50 build/obj/chcond.o
                0x00000000080014d0                chCondWaitTimeoutS
 .text.chCondWaitTimeout
                0x0000000008001520       0x20 build/obj/chcond.o
                0x0000000008001520                chCondWaitTimeout
 .text.chEvtRegisterMask
                0x0000000008001540       0x30 build/obj/chevents.o
                0x0000000008001540                chEvtRegisterMask
 .text.chEvtUnregister
                0x0000000008001570       0x30 build/obj/chevents.o
                0x0000000008001570                chEvtUnregister
 .text.chEvtGetAndClearEvents
                0x00000000080015a0       0x30 build/obj/chevents.o
                0x00000000080015a0                chEvtGetAndClearEvents
 .text.chEvtAddEvents
                0x00000000080015d0       0x20 build/obj/chevents.o
                0x00000000080015d0                chEvtAddEvents
 .text.chEvtSignalI
                0x00000000080015f0       0x30 build/obj/chevents.o
                0x00000000080015f0                chEvtSignalI
 .text.chEvtBroadcastFlagsI
                0x0000000008001620       0x20 build/obj/chevents.o
                0x0000000008001620                chEvtBroadcastFlagsI
 .text.chEvtSignal
                0x0000000008001640       0x20 build/obj/chevents.o
                0x0000000008001640                chEvtSignal
 .text.chEvtBroadcastFlags
                0x0000000008001660       0x20 build/obj/chevents.o
                0x0000000008001660                chEvtBroadcastFlags
 .text.chEvtDispatch
                0x0000000008001680       0x30 build/obj/chevents.o
                0x0000000008001680                chEvtDispatch
 .text.chEvtWaitOne
                0x00000000080016b0       0x40 build/obj/chevents.o
                0x00000000080016b0                chEvtWaitOne
 .text.chEvtWaitAny
                0x00000000080016f0       0x40 build/obj/chevents.o
                0x00000000080016f0                chEvtWaitAny
 .text.chEvtWaitAll
                0x0000000008001730       0x40 build/obj/chevents.o
                0x0000000008001730                chEvtWaitAll
 .text.chEvtWaitOneTimeout
                0x0000000008001770       0x60 build/obj/chevents.o
                0x0000000008001770                chEvtWaitOneTimeout
 .text.chEvtWaitAnyTimeout
                0x00000000080017d0       0x60 build/obj/chevents.o
                0x00000000080017d0                chEvtWaitAnyTimeout
 .text.chEvtWaitAllTimeout
                0x0000000008001830       0x60 build/obj/chevents.o
                0x0000000008001830                chEvtWaitAllTimeout
 .text.chMsgSend
                0x0000000008001890       0x40 build/obj/chmsg.o
                0x0000000008001890                chMsgSend
 .text.chMsgWait
                0x00000000080018d0       0x40 build/obj/chmsg.o
                0x00000000080018d0                chMsgWait
 .text.chMsgRelease
                0x0000000008001910       0x20 build/obj/chmsg.o
                0x0000000008001910                chMsgRelease
 .text.chMBInit
                0x0000000008001930       0x30 build/obj/chmboxes.o
                0x0000000008001930                chMBInit
 .text.chMBReset
                0x0000000008001960       0x40 build/obj/chmboxes.o
                0x0000000008001960                chMBReset
 .text.chMBPostS
                0x00000000080019a0       0x40 build/obj/chmboxes.o
                0x00000000080019a0                chMBPostS
 .text.chMBPost
                0x00000000080019e0       0x20 build/obj/chmboxes.o
                0x00000000080019e0                chMBPost
 .text.chMBPostI
                0x0000000008001a00       0x40 build/obj/chmboxes.o
                0x0000000008001a00                chMBPostI
 .text.chMBPostAheadS
                0x0000000008001a40       0x40 build/obj/chmboxes.o
                0x0000000008001a40                chMBPostAheadS
 .text.chMBPostAhead
                0x0000000008001a80       0x20 build/obj/chmboxes.o
                0x0000000008001a80                chMBPostAhead
 .text.chMBPostAheadI
                0x0000000008001aa0       0x40 build/obj/chmboxes.o
                0x0000000008001aa0                chMBPostAheadI
 .text.chMBFetchS
                0x0000000008001ae0       0x40 build/obj/chmboxes.o
                0x0000000008001ae0                chMBFetchS
 .text.chMBFetch
                0x0000000008001b20       0x20 build/obj/chmboxes.o
                0x0000000008001b20                chMBFetch
 .text.chMBFetchI
                0x0000000008001b40       0x40 build/obj/chmboxes.o
                0x0000000008001b40                chMBFetchI
 .text.qwait    0x0000000008001b80       0x30 build/obj/chqueues.o
 .text.chIQInit
                0x0000000008001bb0       0x20 build/obj/chqueues.o
                0x0000000008001bb0                chIQInit
 .text.chIQResetI
                0x0000000008001bd0       0x30 build/obj/chqueues.o
                0x0000000008001bd0                chIQResetI
 .text.chIQPutI
                0x0000000008001c00       0x50 build/obj/chqueues.o
                0x0000000008001c00                chIQPutI
 .text.chIQGetTimeout
                0x0000000008001c50       0x50 build/obj/chqueues.o
                0x0000000008001c50                chIQGetTimeout
 .text.chIQReadTimeout
                0x0000000008001ca0       0x80 build/obj/chqueues.o
                0x0000000008001ca0                chIQReadTimeout
 .text.chOQInit
                0x0000000008001d20       0x20 build/obj/chqueues.o
                0x0000000008001d20                chOQInit
 .text.chOQResetI
                0x0000000008001d40       0x30 build/obj/chqueues.o
                0x0000000008001d40                chOQResetI
 .text.chOQPutTimeout
                0x0000000008001d70       0x60 build/obj/chqueues.o
                0x0000000008001d70                chOQPutTimeout
 .text.chOQGetI
                0x0000000008001dd0       0x50 build/obj/chqueues.o
                0x0000000008001dd0                chOQGetI
 .text.chOQWriteTimeout
                0x0000000008001e20       0x80 build/obj/chqueues.o
                0x0000000008001e20                chOQWriteTimeout
 .text._core_init
                0x0000000008001ea0       0x30 build/obj/chmemcore.o
                0x0000000008001ea0                _core_init
 .text.chCoreAlloc
                0x0000000008001ed0       0x40 build/obj/chmemcore.o
                0x0000000008001ed0                chCoreAlloc
 .text.chCoreStatus
                0x0000000008001f10       0x20 build/obj/chmemcore.o
                0x0000000008001f10                chCoreStatus
 .text._heap_init
                0x0000000008001f30       0x20 build/obj/chheap.o
                0x0000000008001f30                _heap_init
 .text.chHeapInit
                0x0000000008001f50       0x20 build/obj/chheap.o
                0x0000000008001f50                chHeapInit
 .text.chHeapAlloc
                0x0000000008001f70       0x90 build/obj/chheap.o
                0x0000000008001f70                chHeapAlloc
 .text.chHeapFree
                0x0000000008002000       0xa0 build/obj/chheap.o
                0x0000000008002000                chHeapFree
 .text.chHeapStatus
                0x00000000080020a0       0x50 build/obj/chheap.o
                0x00000000080020a0                chHeapStatus
 .text.chPoolInit
                0x00000000080020f0       0x10 build/obj/chmempools.o
                0x00000000080020f0                chPoolInit
 .text.chPoolLoadArray
                0x0000000008002100       0x30 build/obj/chmempools.o
                0x0000000008002100                chPoolLoadArray
 .text.chPoolAlloc
                0x0000000008002130       0x30 build/obj/chmempools.o
                0x0000000008002130                chPoolAlloc
 .text.chPoolFree
                0x0000000008002160       0x20 build/obj/chmempools.o
                0x0000000008002160                chPoolFree
 .text.tmr      0x0000000008002180       0x10 build/obj/test.o
 .text.print_line
                0x0000000008002190       0x40 build/obj/test.o
 .text.test_printn
                0x00000000080021d0       0x70 build/obj/test.o
                0x00000000080021d0                test_printn
 .text.test_print
                0x0000000008002240       0x30 build/obj/test.o
                0x0000000008002240                test_print
 .text.test_println
                0x0000000008002270       0x40 build/obj/test.o
                0x0000000008002270                test_println
 .text.test_emit_token
                0x00000000080022b0       0x30 build/obj/test.o
                0x00000000080022b0                test_emit_token
 .text._test_assert
                0x00000000080022e0       0x30 build/obj/test.o
                0x00000000080022e0                _test_assert
 .text._test_assert_sequence
                0x0000000008002310       0x60 build/obj/test.o
                0x0000000008002310                _test_assert_sequence
 .text._test_assert_time_window
                0x0000000008002370       0x40 build/obj/test.o
                0x0000000008002370                _test_assert_time_window
 .text.test_terminate_threads
                0x00000000080023b0       0x20 build/obj/test.o
                0x00000000080023b0                test_terminate_threads
 .text.test_wait_threads
                0x00000000080023d0       0x30 build/obj/test.o
                0x00000000080023d0                test_wait_threads
 .text.test_cpu_pulse
                0x0000000008002400       0x60 build/obj/test.o
                0x0000000008002400                test_cpu_pulse
 .text.test_wait_tick
                0x0000000008002460       0x20 build/obj/test.o
                0x0000000008002460                test_wait_tick
 .text.test_start_timer
                0x0000000008002480       0x50 build/obj/test.o
                0x0000000008002480                test_start_timer
 .text.TestThread
                0x00000000080024d0      0x380 build/obj/test.o
                0x00000000080024d0                TestThread
 .text.thd1_execute
                0x0000000008002850       0xe0 build/obj/testthd.o
 .text.thread   0x0000000008002930       0x10 build/obj/testthd.o
 .text.thd2_execute
                0x0000000008002940      0x110 build/obj/testthd.o
 .text.thd3_execute
                0x0000000008002a50      0x150 build/obj/testthd.o
 .text.thd4_execute
                0x0000000008002ba0       0x80 build/obj/testthd.o
 .text.sem1_execute
                0x0000000008002c20      0x1a0 build/obj/testsem.o
 .text.thread3  0x0000000008002dc0       0x20 build/obj/testsem.o
 .text.thread1  0x0000000008002de0       0x20 build/obj/testsem.o
 .text.sem1_setup
                0x0000000008002e00       0x10 build/obj/testsem.o
 .text.sem2_setup
                0x0000000008002e10       0x10 build/obj/testsem.o
 .text.sem3_setup
                0x0000000008002e20       0x10 build/obj/testsem.o
 .text.thread2  0x0000000008002e30       0x30 build/obj/testsem.o
 .text.thread4  0x0000000008002e60       0x30 build/obj/testsem.o
 .text.sem4_execute
                0x0000000008002e90      0x110 build/obj/testsem.o
 .text.sem2_execute
                0x0000000008002fa0      0x170 build/obj/testsem.o
 .text.sem3_execute
                0x0000000008003110       0xb0 build/obj/testsem.o
 .text.mtx1_execute
                0x00000000080031c0      0x110 build/obj/testmtx.o
 .text.thread1  0x00000000080032d0       0x20 build/obj/testmtx.o
 .text.thread12
                0x00000000080032f0       0x20 build/obj/testmtx.o
 .text.mtx1_setup
                0x0000000008003310       0x10 build/obj/testmtx.o
 .text.mtx2_setup
                0x0000000008003320       0x10 build/obj/testmtx.o
 .text.mtx3_setup
                0x0000000008003330       0x20 build/obj/testmtx.o
 .text.mtx4_setup
                0x0000000008003350       0x20 build/obj/testmtx.o
 .text.mtx5_setup
                0x0000000008003370       0x10 build/obj/testmtx.o
 .text.mtx2_execute
                0x0000000008003380       0xc0 build/obj/testmtx.o
 .text.mtx3_execute
                0x0000000008003440      0x100 build/obj/testmtx.o
 .text.thread2L
                0x0000000008003540       0x30 build/obj/testmtx.o
 .text.thread3LL
                0x0000000008003570       0x30 build/obj/testmtx.o
 .text.thread2M
                0x00000000080035a0       0x20 build/obj/testmtx.o
 .text.thread2H
                0x00000000080035c0       0x30 build/obj/testmtx.o
 .text.thread3HH
                0x00000000080035f0       0x30 build/obj/testmtx.o
 .text.thread3H
                0x0000000008003620       0x20 build/obj/testmtx.o
 .text.thread3M
                0x0000000008003640       0x30 build/obj/testmtx.o
 .text.thread3L
                0x0000000008003670       0x50 build/obj/testmtx.o
 .text.thread4b
                0x00000000080036c0       0x20 build/obj/testmtx.o
 .text.thread4a
                0x00000000080036e0       0x20 build/obj/testmtx.o
 .text.mtx4_execute
                0x0000000008003700      0x2a0 build/obj/testmtx.o
 .text.mtx5_execute
                0x00000000080039a0       0xd0 build/obj/testmtx.o
 .text.mtx6_execute
                0x0000000008003a70      0x100 build/obj/testmtx.o
 .text.thread10
                0x0000000008003b70       0x30 build/obj/testmtx.o
 .text.mtx6_setup
                0x0000000008003ba0       0x20 build/obj/testmtx.o
 .text.mtx7_setup
                0x0000000008003bc0       0x20 build/obj/testmtx.o
 .text.mtx8_setup
                0x0000000008003be0       0x30 build/obj/testmtx.o
 .text.mtx7_execute
                0x0000000008003c10       0xe0 build/obj/testmtx.o
 .text.mtx8_execute
                0x0000000008003cf0       0xb0 build/obj/testmtx.o
 .text.thread11
                0x0000000008003da0       0x40 build/obj/testmtx.o
 .text.msg1_execute
                0x0000000008003de0       0x90 build/obj/testmsg.o
 .text.thread   0x0000000008003e70       0x20 build/obj/testmsg.o
 .text.mbox1_execute
                0x0000000008003e90      0x6a0 build/obj/testmbox.o
 .text.mbox1_setup
                0x0000000008004530       0x20 build/obj/testmbox.o
 .text.evt1_execute
                0x0000000008004550       0x90 build/obj/testevt.o
 .text.h3       0x00000000080045e0       0x10 build/obj/testevt.o
 .text.h2       0x00000000080045f0       0x10 build/obj/testevt.o
 .text.h1       0x0000000008004600       0x10 build/obj/testevt.o
 .text.evt1_setup
                0x0000000008004610       0x10 build/obj/testevt.o
 .text.evt2_setup
                0x0000000008004620       0x10 build/obj/testevt.o
 .text.evt3_setup
                0x0000000008004630       0x10 build/obj/testevt.o
 .text.evt2_execute
                0x0000000008004640      0x280 build/obj/testevt.o
 .text.thread2  0x00000000080048c0       0x30 build/obj/testevt.o
 .text.thread1  0x00000000080048f0       0x20 build/obj/testevt.o
 .text.evt3_execute
                0x0000000008004910       0xb0 build/obj/testevt.o
 .text.heap1_execute
                0x00000000080049c0      0x2e0 build/obj/testheap.o
 .text.heap1_setup
                0x0000000008004ca0       0x20 build/obj/testheap.o
 .text.null_provider
                0x0000000008004cc0       0x10 build/obj/testpools.o
 .text.pools1_setup
                0x0000000008004cd0       0x20 build/obj/testpools.o
 .text.pools1_execute
                0x0000000008004cf0      0x100 build/obj/testpools.o
 .text.dyn1_execute
                0x0000000008004df0      0x130 build/obj/testdyn.o
 .text.thread   0x0000000008004f20       0x10 build/obj/testdyn.o
 .text.dyn1_setup
                0x0000000008004f30       0x20 build/obj/testdyn.o
 .text.dyn3_setup
                0x0000000008004f50       0x20 build/obj/testdyn.o
 .text.dyn2_execute
                0x0000000008004f70      0x150 build/obj/testdyn.o
 .text.dyn2_setup
                0x00000000080050c0       0x20 build/obj/testdyn.o
 .text.regfind  0x00000000080050e0       0x30 build/obj/testdyn.o
 .text.dyn3_execute
                0x0000000008005110      0x140 build/obj/testdyn.o
 .text.notify   0x0000000008005250       0x10 build/obj/testqueues.o
 .text.thread1  0x0000000008005260       0x20 build/obj/testqueues.o
 .text.queues1_setup
                0x0000000008005280       0x30 build/obj/testqueues.o
 .text.thread2  0x00000000080052b0       0x20 build/obj/testqueues.o
 .text.queues2_setup
                0x00000000080052d0       0x30 build/obj/testqueues.o
 .text.queues1_execute
                0x0000000008005300      0x2d0 build/obj/testqueues.o
 .text.queues2_execute
                0x00000000080055d0      0x2a0 build/obj/testqueues.o
 .text.thread2  0x0000000008005870       0x10 build/obj/testbmk.o
 .text.tmo      0x0000000008005880       0x10 build/obj/testbmk.o
 .text.bmk13_execute
                0x0000000008005890      0x100 build/obj/testbmk.o
 .text.thread1  0x0000000008005990       0x20 build/obj/testbmk.o
 .text.bmk6_execute
                0x00000000080059b0       0x80 build/obj/testbmk.o
 .text.msg_loop_test
                0x0000000008005a30       0x40 build/obj/testbmk.o
 .text.bmk1_execute
                0x0000000008005a70       0x80 build/obj/testbmk.o
 .text.bmk2_execute
                0x0000000008005af0       0x80 build/obj/testbmk.o
 .text.bmk3_execute
                0x0000000008005b70      0x100 build/obj/testbmk.o
 .text.thread4  0x0000000008005c70       0x30 build/obj/testbmk.o
                0x0000000008005c70                thread4
 .text.bmk4_execute
                0x0000000008005ca0       0xd0 build/obj/testbmk.o
 .text.bmk5_execute
                0x0000000008005d70       0x80 build/obj/testbmk.o
 .text.bmk7_execute
                0x0000000008005df0      0x130 build/obj/testbmk.o
 .text.thread3  0x0000000008005f20       0x30 build/obj/testbmk.o
 .text.bmk7_setup
                0x0000000008005f50       0x10 build/obj/testbmk.o
 .text.bmk11_setup
                0x0000000008005f60       0x10 build/obj/testbmk.o
 .text.bmk8_execute
                0x0000000008005f70       0xf0 build/obj/testbmk.o
 .text.thread8  0x0000000008006060       0x30 build/obj/testbmk.o
 .text.bmk9_execute
                0x0000000008006090       0xf0 build/obj/testbmk.o
 .text.bmk10_execute
                0x0000000008006180       0xa0 build/obj/testbmk.o
 .text.bmk11_execute
                0x0000000008006220       0xb0 build/obj/testbmk.o
 .text.bmk12_execute
                0x00000000080062d0       0x90 build/obj/testbmk.o
 .text.bmk12_setup
                0x0000000008006360       0x10 build/obj/testbmk.o
 .text.halInit  0x0000000008006370       0x30 build/obj/hal.o
                0x0000000008006370                halInit
 .text.halIsCounterWithin
                0x00000000080063a0       0x40 build/obj/hal.o
                0x00000000080063a0                halIsCounterWithin
 .text.macInit  0x00000000080063e0       0x10 build/obj/mac.o
                0x00000000080063e0                macInit
 .text.macObjectInit
                0x00000000080063f0       0x30 build/obj/mac.o
                0x00000000080063f0                macObjectInit
 .text.macStart
                0x0000000008006420       0x20 build/obj/mac.o
                0x0000000008006420                macStart
 .text.macWaitTransmitDescriptor
                0x0000000008006440       0x60 build/obj/mac.o
                0x0000000008006440                macWaitTransmitDescriptor
 .text.macReleaseTransmitDescriptor
                0x00000000080064a0       0x10 build/obj/mac.o
                0x00000000080064a0                macReleaseTransmitDescriptor
 .text.macWaitReceiveDescriptor
                0x00000000080064b0       0x60 build/obj/mac.o
                0x00000000080064b0                macWaitReceiveDescriptor
 .text.macReleaseReceiveDescriptor
                0x0000000008006510       0x10 build/obj/mac.o
                0x0000000008006510                macReleaseReceiveDescriptor
 .text.macPollLinkStatus
                0x0000000008006520       0x10 build/obj/mac.o
                0x0000000008006520                macPollLinkStatus
 .text.pwmInit  0x0000000008006530       0x10 build/obj/pwm.o
                0x0000000008006530                pwmInit
 .text.pwmObjectInit
                0x0000000008006540       0x10 build/obj/pwm.o
                0x0000000008006540                pwmObjectInit
 .text.pwmStart
                0x0000000008006550       0x20 build/obj/pwm.o
                0x0000000008006550                pwmStart
 .text.pwmEnableChannel
                0x0000000008006570       0x20 build/obj/pwm.o
                0x0000000008006570                pwmEnableChannel
 .text.readt    0x0000000008006590       0x10 build/obj/serial.o
 .text.read     0x00000000080065a0       0x10 build/obj/serial.o
 .text.writet   0x00000000080065b0       0x10 build/obj/serial.o
 .text.write    0x00000000080065c0       0x10 build/obj/serial.o
 .text.gett     0x00000000080065d0       0x10 build/obj/serial.o
 .text.get      0x00000000080065e0       0x10 build/obj/serial.o
 .text.putt     0x00000000080065f0       0x10 build/obj/serial.o
 .text.put      0x0000000008006600       0x10 build/obj/serial.o
 .text.sdInit   0x0000000008006610       0x10 build/obj/serial.o
                0x0000000008006610                sdInit
 .text.sdObjectInit
                0x0000000008006620       0x50 build/obj/serial.o
                0x0000000008006620                sdObjectInit
 .text.sdStart  0x0000000008006670       0x20 build/obj/serial.o
                0x0000000008006670                sdStart
 .text.sdIncomingDataI
                0x0000000008006690       0x40 build/obj/serial.o
                0x0000000008006690                sdIncomingDataI
 .text.tm_start
                0x00000000080066d0       0x10 build/obj/tm.o
 .text.tm_stop  0x00000000080066e0       0x40 build/obj/tm.o
 .text.tmInit   0x0000000008006720       0x50 build/obj/tm.o
                0x0000000008006720                tmInit
 .text.hal_lld_init
                0x0000000008006770       0xb0 build/obj/hal_lld.o
                0x0000000008006770                hal_lld_init
 .text.stm32_clock_init
                0x0000000008006820      0x100 build/obj/hal_lld.o
                0x0000000008006820                stm32_clock_init
 .text.mac_lld_set_address
                0x0000000008006920       0x50 build/obj/mac_lld.o
 .text.Vector134
                0x0000000008006970       0x60 build/obj/mac_lld.o
                0x0000000008006970                Vector134
 .text.mac_lld_init
                0x00000000080069d0      0x1c0 build/obj/mac_lld.o
                0x00000000080069d0                mac_lld_init
 .text.mac_lld_start
                0x0000000008006b90      0x100 build/obj/mac_lld.o
                0x0000000008006b90                mac_lld_start
 .text.mac_lld_get_transmit_descriptor
                0x0000000008006c90       0x50 build/obj/mac_lld.o
                0x0000000008006c90                mac_lld_get_transmit_descriptor
 .text.mac_lld_release_transmit_descriptor
                0x0000000008006ce0       0x40 build/obj/mac_lld.o
                0x0000000008006ce0                mac_lld_release_transmit_descriptor
 .text.mac_lld_get_receive_descriptor
                0x0000000008006d20       0x70 build/obj/mac_lld.o
                0x0000000008006d20                mac_lld_get_receive_descriptor
 .text.mac_lld_release_receive_descriptor
                0x0000000008006d90       0x40 build/obj/mac_lld.o
                0x0000000008006d90                mac_lld_release_receive_descriptor
 .text.mac_lld_poll_link_status
                0x0000000008006dd0       0xd0 build/obj/mac_lld.o
                0x0000000008006dd0                mac_lld_poll_link_status
 .text.mac_lld_write_transmit_descriptor
                0x0000000008006ea0       0x30 build/obj/mac_lld.o
                0x0000000008006ea0                mac_lld_write_transmit_descriptor
 .text.mac_lld_read_receive_descriptor
                0x0000000008006ed0       0x30 build/obj/mac_lld.o
                0x0000000008006ed0                mac_lld_read_receive_descriptor
 .text._pal_lld_init
                0x0000000008006f00      0x1b0 build/obj/pal_lld.o
                0x0000000008006f00                _pal_lld_init
 .text.VectorB8
                0x00000000080070b0       0x80 build/obj/pwm_lld.o
                0x00000000080070b0                VectorB8
 .text.pwm_lld_init
                0x0000000008007130       0x20 build/obj/pwm_lld.o
                0x0000000008007130                pwm_lld_init
 .text.pwm_lld_start
                0x0000000008007150      0x110 build/obj/pwm_lld.o
                0x0000000008007150                pwm_lld_start
 .text.pwm_lld_enable_channel
                0x0000000008007260       0x40 build/obj/pwm_lld.o
                0x0000000008007260                pwm_lld_enable_channel
 .text.notify6  0x00000000080072a0       0x20 build/obj/serial_lld.o
 .text.Vector15C
                0x00000000080072c0      0x100 build/obj/serial_lld.o
                0x00000000080072c0                Vector15C
 .text.sd_lld_init
                0x00000000080073c0       0x30 build/obj/serial_lld.o
                0x00000000080073c0                sd_lld_init
 .text.sd_lld_start
                0x00000000080073f0       0xb0 build/obj/serial_lld.o
                0x00000000080073f0                sd_lld_start
 .text.__early_init
                0x00000000080074a0       0x10 build/obj/board.o
                0x00000000080074a0                __early_init
 .text.boardInit
                0x00000000080074b0       0x10 build/obj/board.o
                0x00000000080074b0                boardInit
 .text.ethernetif_init
                0x00000000080074c0       0x40 build/obj/lwipthread.o
 .text.low_level_output
                0x0000000008007500       0x50 build/obj/lwipthread.o
 .text.lwip_thread
                0x0000000008007550      0x220 build/obj/lwipthread.o
                0x0000000008007550                lwip_thread
 .text.sys_init
                0x0000000008007770       0x10 build/obj/sys_arch.o
                0x0000000008007770                sys_init
 .text.sys_sem_new
                0x0000000008007780       0x60 build/obj/sys_arch.o
                0x0000000008007780                sys_sem_new
 .text.sys_sem_free
                0x00000000080077e0       0x30 build/obj/sys_arch.o
                0x00000000080077e0                sys_sem_free
 .text.sys_sem_signal
                0x0000000008007810       0x10 build/obj/sys_arch.o
                0x0000000008007810                sys_sem_signal
 .text.sys_arch_sem_wait
                0x0000000008007820       0x40 build/obj/sys_arch.o
                0x0000000008007820                sys_arch_sem_wait
 .text.sys_sem_valid
                0x0000000008007860       0x10 build/obj/sys_arch.o
                0x0000000008007860                sys_sem_valid
 .text.sys_sem_set_invalid
                0x0000000008007870       0x10 build/obj/sys_arch.o
                0x0000000008007870                sys_sem_set_invalid
 .text.sys_mbox_new
                0x0000000008007880       0x50 build/obj/sys_arch.o
                0x0000000008007880                sys_mbox_new
 .text.sys_mbox_free
                0x00000000080078d0       0x40 build/obj/sys_arch.o
                0x00000000080078d0                sys_mbox_free
 .text.sys_mbox_post
                0x0000000008007910       0x10 build/obj/sys_arch.o
                0x0000000008007910                sys_mbox_post
 .text.sys_mbox_trypost
                0x0000000008007920       0x30 build/obj/sys_arch.o
                0x0000000008007920                sys_mbox_trypost
 .text.sys_arch_mbox_fetch
                0x0000000008007950       0x40 build/obj/sys_arch.o
                0x0000000008007950                sys_arch_mbox_fetch
 .text.sys_arch_mbox_tryfetch
                0x0000000008007990       0x20 build/obj/sys_arch.o
                0x0000000008007990                sys_arch_mbox_tryfetch
 .text.sys_mbox_valid
                0x00000000080079b0       0x10 build/obj/sys_arch.o
                0x00000000080079b0                sys_mbox_valid
 .text.sys_mbox_set_invalid
                0x00000000080079c0       0x10 build/obj/sys_arch.o
                0x00000000080079c0                sys_mbox_set_invalid
 .text.sys_thread_new
                0x00000000080079d0       0x30 build/obj/sys_arch.o
                0x00000000080079d0                sys_thread_new
 .text.etharp_find_entry
                0x0000000008007a00      0x190 build/obj/etharp.o
 .text.etharp_send_ip
                0x0000000008007b90       0x50 build/obj/etharp.o
 .text.etharp_tmr
                0x0000000008007be0       0x70 build/obj/etharp.o
                0x0000000008007be0                etharp_tmr
 .text.etharp_request
                0x0000000008007c50       0xf0 build/obj/etharp.o
                0x0000000008007c50                etharp_request
 .text.etharp_output_to_arp_index
                0x0000000008007d40       0x80 build/obj/etharp.o
 .text.etharp_query
                0x0000000008007dc0      0x140 build/obj/etharp.o
                0x0000000008007dc0                etharp_query
 .text.etharp_output
                0x0000000008007f00      0x170 build/obj/etharp.o
                0x0000000008007f00                etharp_output
 .text.ethernet_input
                0x0000000008008070      0x250 build/obj/etharp.o
                0x0000000008008070                ethernet_input
 .text.lwip_init
                0x00000000080082c0       0x30 build/obj/init.o
                0x00000000080082c0                lwip_init
 .text.mem_init
                0x00000000080082f0       0x80 build/obj/mem.o
                0x00000000080082f0                mem_init
 .text.mem_free
                0x0000000008008370      0x170 build/obj/mem.o
                0x0000000008008370                mem_free
 .text.mem_trim
                0x00000000080084e0      0x170 build/obj/mem.o
                0x00000000080084e0                mem_trim
 .text.mem_malloc
                0x0000000008008650      0x1a0 build/obj/mem.o
                0x0000000008008650                mem_malloc
 .text.memp_init
                0x00000000080087f0       0xb0 build/obj/memp.o
                0x00000000080087f0                memp_init
 .text.memp_malloc
                0x00000000080088a0       0x80 build/obj/memp.o
                0x00000000080088a0                memp_malloc
 .text.memp_free
                0x0000000008008920       0x40 build/obj/memp.o
                0x0000000008008920                memp_free
 .text.netif_init
                0x0000000008008960       0x10 build/obj/netif.o
                0x0000000008008960                netif_init
 .text.netif_set_ipaddr
                0x0000000008008970       0x70 build/obj/netif.o
                0x0000000008008970                netif_set_ipaddr
 .text.netif_add
                0x00000000080089e0       0x90 build/obj/netif.o
                0x00000000080089e0                netif_add
 .text.netif_set_default
                0x0000000008008a70       0x10 build/obj/netif.o
                0x0000000008008a70                netif_set_default
 .text.netif_set_up
                0x0000000008008a80       0x20 build/obj/netif.o
                0x0000000008008a80                netif_set_up
 .text.netif_set_link_up
                0x0000000008008aa0       0x20 build/obj/netif.o
                0x0000000008008aa0                netif_set_link_up
 .text.netif_set_link_down
                0x0000000008008ac0       0x20 build/obj/netif.o
                0x0000000008008ac0                netif_set_link_down
 .text.pbuf_free_ooseq_callback
                0x0000000008008ae0       0x40 build/obj/pbuf.o
 .text.pbuf_pool_is_empty.part.0
                0x0000000008008b20       0x30 build/obj/pbuf.o
 .text.pbuf_alloced_custom
                0x0000000008008b50       0x60 build/obj/pbuf.o
                0x0000000008008b50                pbuf_alloced_custom
 .text.pbuf_header
                0x0000000008008bb0       0x80 build/obj/pbuf.o
                0x0000000008008bb0                pbuf_header
 .text.pbuf_free
                0x0000000008008c30       0x90 build/obj/pbuf.o
                0x0000000008008c30                pbuf_free
 .text.pbuf_alloc
                0x0000000008008cc0      0x1c0 build/obj/pbuf.o
                0x0000000008008cc0                pbuf_alloc
 .text.pbuf_realloc
                0x0000000008008e80       0xa0 build/obj/pbuf.o
                0x0000000008008e80                pbuf_realloc
 .text.pbuf_clen
                0x0000000008008f20       0x20 build/obj/pbuf.o
                0x0000000008008f20                pbuf_clen
 .text.pbuf_ref
                0x0000000008008f40       0x10 build/obj/pbuf.o
                0x0000000008008f40                pbuf_ref
 .text.pbuf_cat
                0x0000000008008f50       0x50 build/obj/pbuf.o
                0x0000000008008f50                pbuf_cat
 .text.pbuf_copy
                0x0000000008008fa0       0xe0 build/obj/pbuf.o
                0x0000000008008fa0                pbuf_copy
 .text.pbuf_copy_partial
                0x0000000008009080       0x80 build/obj/pbuf.o
                0x0000000008009080                pbuf_copy_partial
 .text.raw_input
                0x0000000008009100       0x80 build/obj/raw.o
                0x0000000008009100                raw_input
 .text.raw_bind
                0x0000000008009180       0x10 build/obj/raw.o
                0x0000000008009180                raw_bind
 .text.raw_recv
                0x0000000008009190       0x10 build/obj/raw.o
                0x0000000008009190                raw_recv
 .text.raw_remove
                0x00000000080091a0       0x40 build/obj/raw.o
                0x00000000080091a0                raw_remove
 .text.raw_new  0x00000000080091e0       0x30 build/obj/raw.o
                0x00000000080091e0                raw_new
 .text.stats_init
                0x0000000008009210       0x10 build/obj/stats.o
                0x0000000008009210                stats_init
 .text.tcp_accept_null
                0x0000000008009220       0x10 build/obj/tcp.o
 .text.tcp_new_port
                0x0000000008009230       0x60 build/obj/tcp.o
 .text.tcp_init
                0x0000000008009290       0x10 build/obj/tcp.o
                0x0000000008009290                tcp_init
 .text.tcp_bind
                0x00000000080092a0       0x80 build/obj/tcp.o
                0x00000000080092a0                tcp_bind
 .text.tcp_listen_with_backlog
                0x0000000008009320       0xc0 build/obj/tcp.o
                0x0000000008009320                tcp_listen_with_backlog
 .text.tcp_update_rcv_ann_wnd
                0x00000000080093e0       0x60 build/obj/tcp.o
                0x00000000080093e0                tcp_update_rcv_ann_wnd
 .text.tcp_recved
                0x0000000008009440       0x60 build/obj/tcp.o
                0x0000000008009440                tcp_recved
 .text.tcp_seg_free
                0x00000000080094a0       0x20 build/obj/tcp.o
                0x00000000080094a0                tcp_seg_free
 .text.tcp_segs_free
                0x00000000080094c0       0x20 build/obj/tcp.o
                0x00000000080094c0                tcp_segs_free
 .text.tcp_seg_copy
                0x00000000080094e0       0x30 build/obj/tcp.o
                0x00000000080094e0                tcp_seg_copy
 .text.tcp_arg  0x0000000008009510       0x10 build/obj/tcp.o
                0x0000000008009510                tcp_arg
 .text.tcp_recv
                0x0000000008009520       0x30 build/obj/tcp.o
                0x0000000008009520                tcp_recv
 .text.tcp_sent
                0x0000000008009550       0x30 build/obj/tcp.o
                0x0000000008009550                tcp_sent
 .text.tcp_err  0x0000000008009580       0x30 build/obj/tcp.o
                0x0000000008009580                tcp_err
 .text.tcp_accept
                0x00000000080095b0       0x10 build/obj/tcp.o
                0x00000000080095b0                tcp_accept
 .text.tcp_poll
                0x00000000080095c0       0x40 build/obj/tcp.o
                0x00000000080095c0                tcp_poll
 .text.tcp_pcb_purge
                0x0000000008009600       0x70 build/obj/tcp.o
                0x0000000008009600                tcp_pcb_purge
 .text.tcp_slowtmr
                0x0000000008009670      0x420 build/obj/tcp.o
                0x0000000008009670                tcp_slowtmr
 .text.tcp_pcb_remove
                0x0000000008009a90       0x90 build/obj/tcp.o
                0x0000000008009a90                tcp_pcb_remove
 .text.tcp_close_shutdown
                0x0000000008009b20      0x1a0 build/obj/tcp.o
 .text.tcp_close
                0x0000000008009cc0       0x20 build/obj/tcp.o
                0x0000000008009cc0                tcp_close
 .text.tcp_recv_null
                0x0000000008009ce0       0x30 build/obj/tcp.o
                0x0000000008009ce0                tcp_recv_null
 .text.tcp_process_refused_data
                0x0000000008009d10       0x70 build/obj/tcp.o
                0x0000000008009d10                tcp_process_refused_data
 .text.tcp_fasttmr
                0x0000000008009d80       0x80 build/obj/tcp.o
                0x0000000008009d80                tcp_fasttmr
 .text.tcp_tmr  0x0000000008009e00       0x30 build/obj/tcp.o
                0x0000000008009e00                tcp_tmr
 .text.tcp_shutdown
                0x0000000008009e30       0x60 build/obj/tcp.o
                0x0000000008009e30                tcp_shutdown
 .text.tcp_abandon
                0x0000000008009e90       0xd0 build/obj/tcp.o
                0x0000000008009e90                tcp_abandon
 .text.tcp_abort
                0x0000000008009f60       0x10 build/obj/tcp.o
                0x0000000008009f60                tcp_abort
 .text.tcp_alloc
                0x0000000008009f70      0x170 build/obj/tcp.o
                0x0000000008009f70                tcp_alloc
 .text.tcp_new  0x000000000800a0e0       0x10 build/obj/tcp.o
                0x000000000800a0e0                tcp_new
 .text.tcp_eff_send_mss
                0x000000000800a0f0       0x20 build/obj/tcp.o
                0x000000000800a0f0                tcp_eff_send_mss
 .text.tcp_oos_insert_segment
                0x000000000800a110       0xb0 build/obj/tcp_in.o
 .text.tcp_receive
                0x000000000800a1c0      0xa10 build/obj/tcp_in.o
 .text.tcp_parseopt.isra.0
                0x000000000800abd0       0x90 build/obj/tcp_in.o
 .text.tcp_input
                0x000000000800ac60      0xb20 build/obj/tcp_in.o
                0x000000000800ac60                tcp_input
 .text.tcp_pbuf_prealloc
                0x000000000800b780       0x70 build/obj/tcp_out.o
 .text.tcp_create_segment.isra.0
                0x000000000800b7f0       0xc0 build/obj/tcp_out.o
 .text.tcp_output_alloc_header.constprop.1
                0x000000000800b8b0       0x70 build/obj/tcp_out.o
 .text.tcp_write
                0x000000000800b920      0x4c0 build/obj/tcp_out.o
                0x000000000800b920                tcp_write
 .text.tcp_enqueue_flags
                0x000000000800bde0      0x160 build/obj/tcp_out.o
                0x000000000800bde0                tcp_enqueue_flags
 .text.tcp_send_fin
                0x000000000800bf40       0x50 build/obj/tcp_out.o
                0x000000000800bf40                tcp_send_fin
 .text.tcp_send_empty_ack
                0x000000000800bf90       0x60 build/obj/tcp_out.o
                0x000000000800bf90                tcp_send_empty_ack
 .text.tcp_output
                0x000000000800bff0      0x2f0 build/obj/tcp_out.o
                0x000000000800bff0                tcp_output
 .text.tcp_rst  0x000000000800c2e0       0xc0 build/obj/tcp_out.o
                0x000000000800c2e0                tcp_rst
 .text.tcp_rexmit_rto
                0x000000000800c3a0       0x40 build/obj/tcp_out.o
                0x000000000800c3a0                tcp_rexmit_rto
 .text.tcp_rexmit
                0x000000000800c3e0       0x60 build/obj/tcp_out.o
                0x000000000800c3e0                tcp_rexmit
 .text.tcp_rexmit_fast
                0x000000000800c440       0x50 build/obj/tcp_out.o
                0x000000000800c440                tcp_rexmit_fast
 .text.tcp_keepalive
                0x000000000800c490       0x70 build/obj/tcp_out.o
                0x000000000800c490                tcp_keepalive
 .text.tcp_zero_window_probe
                0x000000000800c500       0xd0 build/obj/tcp_out.o
                0x000000000800c500                tcp_zero_window_probe
 .text.udp_init
                0x000000000800c5d0       0x10 build/obj/udp.o
                0x000000000800c5d0                udp_init
 .text.udp_input
                0x000000000800c5e0      0x220 build/obj/udp.o
                0x000000000800c5e0                udp_input
 .text.udp_bind
                0x000000000800c800       0xd0 build/obj/udp.o
                0x000000000800c800                udp_bind
 .text.udp_recv
                0x000000000800c8d0       0x10 build/obj/udp.o
                0x000000000800c8d0                udp_recv
 .text.udp_remove
                0x000000000800c8e0       0x40 build/obj/udp.o
                0x000000000800c8e0                udp_remove
 .text.udp_new  0x000000000800c920       0x20 build/obj/udp.o
                0x000000000800c920                udp_new
 .text.icmp_send_response.isra.0
                0x000000000800c940       0xb0 build/obj/icmp.o
 .text.icmp_input
                0x000000000800c9f0      0x1e0 build/obj/icmp.o
                0x000000000800c9f0                icmp_input
 .text.icmp_dest_unreach
                0x000000000800cbd0       0x10 build/obj/icmp.o
                0x000000000800cbd0                icmp_dest_unreach
 .text.icmp_time_exceeded
                0x000000000800cbe0       0x10 build/obj/icmp.o
                0x000000000800cbe0                icmp_time_exceeded
 .text.lwip_standard_chksum
                0x000000000800cbf0       0x80 build/obj/inet_chksum.o
 .text.inet_chksum_pseudo
                0x000000000800cc70       0x90 build/obj/inet_chksum.o
                0x000000000800cc70                inet_chksum_pseudo
 .text.inet_chksum
                0x000000000800cd00       0x10 build/obj/inet_chksum.o
                0x000000000800cd00                inet_chksum
 .text.inet_chksum_pbuf
                0x000000000800cd10       0x60 build/obj/inet_chksum.o
                0x000000000800cd10                inet_chksum_pbuf
 .text.ip_route
                0x000000000800cd70       0x60 build/obj/ip.o
                0x000000000800cd70                ip_route
 .text.ip_input
                0x000000000800cdd0      0x220 build/obj/ip.o
                0x000000000800cdd0                ip_input
 .text.ip_output_if
                0x000000000800cff0      0x130 build/obj/ip.o
                0x000000000800cff0                ip_output_if
 .text.ip_output
                0x000000000800d120       0x60 build/obj/ip.o
                0x000000000800d120                ip_output
 .text.ip4_addr_isbroadcast
                0x000000000800d180       0x30 build/obj/ip_addr.o
                0x000000000800d180                ip4_addr_isbroadcast
 .text.ip_reass_dequeue_datagram
                0x000000000800d1b0       0x40 build/obj/ip_frag.o
 .text.ip_reass_free_complete_datagram
                0x000000000800d1f0       0xc0 build/obj/ip_frag.o
 .text.ip_reass_remove_oldest_datagram
                0x000000000800d2b0       0xa0 build/obj/ip_frag.o
 .text.ipfrag_free_pbuf_custom
                0x000000000800d350       0x20 build/obj/ip_frag.o
 .text.ip_reass_tmr
                0x000000000800d370       0x40 build/obj/ip_frag.o
                0x000000000800d370                ip_reass_tmr
 .text.ip_reass
                0x000000000800d3b0      0x3c0 build/obj/ip_frag.o
                0x000000000800d3b0                ip_reass
 .text.ip_frag  0x000000000800d770      0x1f0 build/obj/ip_frag.o
                0x000000000800d770                ip_frag
 .text.lwip_htons
                0x000000000800d960       0x10 build/obj/def.o
                0x000000000800d960                lwip_htons
 .text.lwip_ntohs
                0x000000000800d970       0x10 build/obj/def.o
                0x000000000800d970                lwip_ntohs
 .text.lwip_htonl
                0x000000000800d980       0x10 build/obj/def.o
                0x000000000800d980                lwip_htonl
 .text.lwip_ntohl
                0x000000000800d990       0x10 build/obj/def.o
                0x000000000800d990                lwip_ntohl
 .text.sys_timeout
                0x000000000800d9a0       0x70 build/obj/timers.o
                0x000000000800d9a0                sys_timeout
 .text.tcp_timer_needed
                0x000000000800da10       0x50 build/obj/timers.o
                0x000000000800da10                tcp_timer_needed
 .text.tcpip_tcp_timer
                0x000000000800da60       0x40 build/obj/timers.o
 .text.sys_timeouts_init
                0x000000000800daa0       0x30 build/obj/timers.o
                0x000000000800daa0                sys_timeouts_init
 .text.arp_timer
                0x000000000800dad0       0x20 build/obj/timers.o
 .text.ip_reass_timer
                0x000000000800daf0       0x20 build/obj/timers.o
 .text.sys_untimeout
                0x000000000800db10       0x50 build/obj/timers.o
                0x000000000800db10                sys_untimeout
 .text.sys_timeouts_mbox_fetch
                0x000000000800db60       0x80 build/obj/timers.o
                0x000000000800db60                sys_timeouts_mbox_fetch
 .text.netconn_recv_data
                0x000000000800dbe0       0xe0 build/obj/api_lib.o
 .text.netconn_new_with_proto_and_callback
                0x000000000800dcc0       0x80 build/obj/api_lib.o
                0x000000000800dcc0                netconn_new_with_proto_and_callback
 .text.netconn_delete
                0x000000000800dd40       0x30 build/obj/api_lib.o
                0x000000000800dd40                netconn_delete
 .text.netconn_bind
                0x000000000800dd70       0x40 build/obj/api_lib.o
                0x000000000800dd70                netconn_bind
 .text.netconn_listen_with_backlog
                0x000000000800ddb0       0x40 build/obj/api_lib.o
                0x000000000800ddb0                netconn_listen_with_backlog
 .text.netconn_accept
                0x000000000800ddf0       0x80 build/obj/api_lib.o
                0x000000000800ddf0                netconn_accept
 .text.netconn_recv
                0x000000000800de70       0xa0 build/obj/api_lib.o
                0x000000000800de70                netconn_recv
 .text.netconn_write_partly
                0x000000000800df10       0xc0 build/obj/api_lib.o
                0x000000000800df10                netconn_write_partly
 .text.netconn_close
                0x000000000800dfd0       0x40 build/obj/api_lib.o
                0x000000000800dfd0                netconn_close
 .text.err_tcp  0x000000000800e010       0xb0 build/obj/api_msg.o
 .text.recv_udp
                0x000000000800e0c0       0xa0 build/obj/api_msg.o
 .text.recv_raw
                0x000000000800e160       0x90 build/obj/api_msg.o
 .text.setup_tcp
                0x000000000800e1f0       0x50 build/obj/api_msg.o
 .text.do_writemore
                0x000000000800e240      0x170 build/obj/api_msg.o
 .text.do_close_internal
                0x000000000800e3b0      0x160 build/obj/api_msg.o
 .text.poll_tcp
                0x000000000800e510       0x60 build/obj/api_msg.o
 .text.recv_tcp
                0x000000000800e570       0x90 build/obj/api_msg.o
 .text.sent_tcp
                0x000000000800e600       0x60 build/obj/api_msg.o
 .text.do_newconn
                0x000000000800e660       0xa0 build/obj/api_msg.o
                0x000000000800e660                do_newconn
 .text.netconn_alloc
                0x000000000800e700       0x90 build/obj/api_msg.o
                0x000000000800e700                netconn_alloc
 .text.netconn_free
                0x000000000800e790       0x50 build/obj/api_msg.o
                0x000000000800e790                netconn_free
 .text.netconn_drain
                0x000000000800e7e0       0xc0 build/obj/api_msg.o
 .text.accept_function
                0x000000000800e8a0       0xa0 build/obj/api_msg.o
 .text.do_delconn
                0x000000000800e940       0xe0 build/obj/api_msg.o
                0x000000000800e940                do_delconn
 .text.do_bind  0x000000000800ea20       0x80 build/obj/api_msg.o
                0x000000000800ea20                do_bind
 .text.do_listen
                0x000000000800eaa0       0xc0 build/obj/api_msg.o
                0x000000000800eaa0                do_listen
 .text.do_recv  0x000000000800eb60       0x50 build/obj/api_msg.o
                0x000000000800eb60                do_recv
 .text.do_write
                0x000000000800ebb0       0x80 build/obj/api_msg.o
                0x000000000800ebb0                do_write
 .text.do_close
                0x000000000800ec30       0x80 build/obj/api_msg.o
                0x000000000800ec30                do_close
 .text.netbuf_delete
                0x000000000800ecb0       0x30 build/obj/netbuf.o
                0x000000000800ecb0                netbuf_delete
 .text.netbuf_data
                0x000000000800ece0       0x30 build/obj/netbuf.o
                0x000000000800ece0                netbuf_data
 .text.lwip_socket_init
                0x000000000800ed10       0x10 build/obj/sockets.o
                0x000000000800ed10                lwip_socket_init
 .text.tcpip_thread
                0x000000000800ed20       0xb0 build/obj/tcpip.o
 .text.tcpip_input
                0x000000000800edd0       0x50 build/obj/tcpip.o
                0x000000000800edd0                tcpip_input
 .text.tcpip_callback_with_block
                0x000000000800ee20       0x70 build/obj/tcpip.o
                0x000000000800ee20                tcpip_callback_with_block
 .text.tcpip_apimsg
                0x000000000800ee90       0x40 build/obj/tcpip.o
                0x000000000800ee90                tcpip_apimsg
 .text.tcpip_init
                0x000000000800eed0       0x60 build/obj/tcpip.o
                0x000000000800eed0                tcpip_init
 .text.tmrcb    0x000000000800ef30       0x30 build/obj/evtimer.o
 .text.evtStart
                0x000000000800ef60       0x30 build/obj/evtimer.o
                0x000000000800ef60                evtStart
 .text.http_server
                0x000000000800ef90       0xd0 build/obj/web.o
                0x000000000800ef90                http_server
 .text.clear_all
                0x000000000800f060       0x20 build/obj/main.o
 .text.set_green
                0x000000000800f080       0x10 build/obj/main.o
 .text.set_orange
                0x000000000800f090       0x10 build/obj/main.o
 .text.set_red  0x000000000800f0a0       0x10 build/obj/main.o
 .text.Thread1  0x000000000800f0b0       0xe0 build/obj/main.o
 .text.memcmp   0x000000000800f190       0x68 /usr/lib/gcc/arm-none-eabi/4.8.2/../../../arm-none-eabi/lib/armv7e-m/libg.a(lib_a-memcmp.o)
                0x000000000800f190                memcmp
 *fill*         0x000000000800f1f8        0x8 
 .text.memset   0x000000000800f200       0x94 /usr/lib/gcc/arm-none-eabi/4.8.2/../../../arm-none-eabi/lib/armv7e-m/libg.a(lib_a-memset.o)
                0x000000000800f200                memset
 *(.rodata)
 *(.rodata.*)
 *fill*         0x000000000800f294        0xc 
 .rodata.str1.4
                0x000000000800f2a0        0x5 build/obj/chsys.o
                                          0x8 (size before relaxing)
 *fill*         0x000000000800f2a5        0xb 
 .rodata.ch_debug
                0x000000000800f2b0       0x18 build/obj/chregistry.o
                0x000000000800f2b0                ch_debug
 *fill*         0x000000000800f2c8        0x8 
 .rodata.wa     0x000000000800f2d0       0x14 build/obj/test.o
                0x000000000800f2d0                wa
 *fill*         0x000000000800f2e4        0xc 
 .rodata.str1.4
                0x000000000800f2f0      0x1cb build/obj/test.o
                                        0x1d8 (size before relaxing)
 *fill*         0x000000000800f4bb        0x5 
 .rodata.patterns
                0x000000000800f4c0       0x30 build/obj/test.o
 .rodata.testthd1
                0x000000000800f4f0       0x10 build/obj/testthd.o
                0x000000000800f4f0                testthd1
 .rodata.testthd2
                0x000000000800f500       0x10 build/obj/testthd.o
                0x000000000800f500                testthd2
 .rodata.testthd3
                0x000000000800f510       0x10 build/obj/testthd.o
                0x000000000800f510                testthd3
 .rodata.testthd4
                0x000000000800f520       0x10 build/obj/testthd.o
                0x000000000800f520                testthd4
 .rodata.patternthd
                0x000000000800f530       0x14 build/obj/testthd.o
                0x000000000800f530                patternthd
 *fill*         0x000000000800f544        0xc 
 .rodata.str1.4
                0x000000000800f550       0x7b build/obj/testthd.o
                                         0x80 (size before relaxing)
 *fill*         0x000000000800f5cb        0x5 
 .rodata.testsem1
                0x000000000800f5d0       0x10 build/obj/testsem.o
                0x000000000800f5d0                testsem1
 .rodata.testsem2
                0x000000000800f5e0       0x10 build/obj/testsem.o
                0x000000000800f5e0                testsem2
 .rodata.testsem3
                0x000000000800f5f0       0x10 build/obj/testsem.o
                0x000000000800f5f0                testsem3
 .rodata.testsem4
                0x000000000800f600       0x10 build/obj/testsem.o
                0x000000000800f600                testsem4
 .rodata.patternsem
                0x000000000800f610       0x14 build/obj/testsem.o
                0x000000000800f610                patternsem
 *fill*         0x000000000800f624        0xc 
 .rodata.str1.4
                0x000000000800f630       0x6e build/obj/testsem.o
                                         0x8c (size before relaxing)
 *fill*         0x000000000800f69e        0x2 
 .rodata.testmtx5
                0x000000000800f6a0       0x10 build/obj/testmtx.o
                0x000000000800f6a0                testmtx5
 .rodata.testmtx6
                0x000000000800f6b0       0x10 build/obj/testmtx.o
                0x000000000800f6b0                testmtx6
 .rodata.testmtx7
                0x000000000800f6c0       0x10 build/obj/testmtx.o
                0x000000000800f6c0                testmtx7
 .rodata.testmtx8
                0x000000000800f6d0       0x10 build/obj/testmtx.o
                0x000000000800f6d0                testmtx8
 .rodata.str1.4
                0x000000000800f6e0       0xed build/obj/testmtx.o
                                        0x10c (size before relaxing)
 *fill*         0x000000000800f7cd        0x3 
 .rodata.patternmtx
                0x000000000800f7d0       0x24 build/obj/testmtx.o
                0x000000000800f7d0                patternmtx
 *fill*         0x000000000800f7f4        0xc 
 .rodata.testmtx1
                0x000000000800f800       0x10 build/obj/testmtx.o
                0x000000000800f800                testmtx1
 .rodata.testmtx2
                0x000000000800f810       0x10 build/obj/testmtx.o
                0x000000000800f810                testmtx2
 .rodata.testmtx3
                0x000000000800f820       0x10 build/obj/testmtx.o
                0x000000000800f820                testmtx3
 .rodata.testmtx4
                0x000000000800f830       0x10 build/obj/testmtx.o
                0x000000000800f830                testmtx4
 .rodata.testmsg1
                0x000000000800f840       0x10 build/obj/testmsg.o
                0x000000000800f840                testmsg1
 .rodata.str1.4
                0x000000000800f850        0xf build/obj/testmsg.o
                                         0x14 (size before relaxing)
 *fill*         0x000000000800f85f        0x1 
 .rodata.patternmsg
                0x000000000800f860        0x8 build/obj/testmsg.o
                0x000000000800f860                patternmsg
 *fill*         0x000000000800f868        0x8 
 .rodata.patternmbox
                0x000000000800f870        0x8 build/obj/testmbox.o
                0x000000000800f870                patternmbox
 *fill*         0x000000000800f878        0x8 
 .rodata.str1.4
                0x000000000800f880       0x20 build/obj/testmbox.o
                                         0x28 (size before relaxing)
 .rodata.testmbox1
                0x000000000800f8a0       0x10 build/obj/testmbox.o
                0x000000000800f8a0                testmbox1
 .rodata.patternevt
                0x000000000800f8b0       0x10 build/obj/testevt.o
                0x000000000800f8b0                patternevt
 .rodata.testevt2
                0x000000000800f8c0       0x10 build/obj/testevt.o
                0x000000000800f8c0                testevt2
 .rodata.str1.4
                0x000000000800f8d0       0x52 build/obj/testevt.o
                                         0x5c (size before relaxing)
 *fill*         0x000000000800f922        0xe 
 .rodata.testevt1
                0x000000000800f930       0x10 build/obj/testevt.o
                0x000000000800f930                testevt1
 .rodata.evhndl
                0x000000000800f940        0xc build/obj/testevt.o
 *fill*         0x000000000800f94c        0x4 
 .rodata.testevt3
                0x000000000800f950       0x10 build/obj/testevt.o
                0x000000000800f950                testevt3
 .rodata.patternheap
                0x000000000800f960        0x8 build/obj/testheap.o
                0x000000000800f960                patternheap
 *fill*         0x000000000800f968        0x8 
 .rodata.str1.4
                0x000000000800f970       0x28 build/obj/testheap.o
 *fill*         0x000000000800f998        0x8 
 .rodata.testheap1
                0x000000000800f9a0       0x10 build/obj/testheap.o
                0x000000000800f9a0                testheap1
 .rodata.str1.4
                0x000000000800f9b0       0x1c build/obj/testpools.o
 *fill*         0x000000000800f9cc        0x4 
 .rodata.patternpools
                0x000000000800f9d0        0x8 build/obj/testpools.o
                0x000000000800f9d0                patternpools
 *fill*         0x000000000800f9d8        0x8 
 .rodata.testpools1
                0x000000000800f9e0       0x10 build/obj/testpools.o
                0x000000000800f9e0                testpools1
 .rodata.testdyn1
                0x000000000800f9f0       0x10 build/obj/testdyn.o
                0x000000000800f9f0                testdyn1
 .rodata.testdyn2
                0x000000000800fa00       0x10 build/obj/testdyn.o
                0x000000000800fa00                testdyn2
 .rodata.testdyn3
                0x000000000800fa10       0x10 build/obj/testdyn.o
                0x000000000800fa10                testdyn3
 .rodata.str1.4
                0x000000000800fa20       0x8d build/obj/testdyn.o
                                         0xa4 (size before relaxing)
 *fill*         0x000000000800faad        0x3 
 .rodata.patterndyn
                0x000000000800fab0       0x10 build/obj/testdyn.o
                0x000000000800fab0                patterndyn
 .rodata.testqueues1
                0x000000000800fac0       0x10 build/obj/testqueues.o
                0x000000000800fac0                testqueues1
 .rodata.testqueues2
                0x000000000800fad0       0x10 build/obj/testqueues.o
                0x000000000800fad0                testqueues2
 .rodata.str1.4
                0x000000000800fae0       0x2d build/obj/testqueues.o
                                         0x38 (size before relaxing)
 *fill*         0x000000000800fb0d        0x3 
 .rodata.patternqueues
                0x000000000800fb10        0xc build/obj/testqueues.o
                0x000000000800fb10                patternqueues
 *fill*         0x000000000800fb1c        0x4 
 .rodata.testbmk8
                0x000000000800fb20       0x10 build/obj/testbmk.o
                0x000000000800fb20                testbmk8
 .rodata.testbmk2
                0x000000000800fb30       0x10 build/obj/testbmk.o
                0x000000000800fb30                testbmk2
 .rodata.testbmk10
                0x000000000800fb40       0x10 build/obj/testbmk.o
                0x000000000800fb40                testbmk10
 .rodata.testbmk4
                0x000000000800fb50       0x10 build/obj/testbmk.o
                0x000000000800fb50                testbmk4
 .rodata.testbmk3
                0x000000000800fb60       0x10 build/obj/testbmk.o
                0x000000000800fb60                testbmk3
 .rodata.testbmk13
                0x000000000800fb70       0x10 build/obj/testbmk.o
                0x000000000800fb70                testbmk13
 .rodata.str1.4
                0x000000000800fb80      0x2c7 build/obj/testbmk.o
                                        0x2c8 (size before relaxing)
 *fill*         0x000000000800fe47        0x9 
 .rodata.testbmk9
                0x000000000800fe50       0x10 build/obj/testbmk.o
                0x000000000800fe50                testbmk9
 .rodata.testbmk1
                0x000000000800fe60       0x10 build/obj/testbmk.o
                0x000000000800fe60                testbmk1
 .rodata.testbmk11
                0x000000000800fe70       0x10 build/obj/testbmk.o
                0x000000000800fe70                testbmk11
 .rodata.testbmk12
                0x000000000800fe80       0x10 build/obj/testbmk.o
                0x000000000800fe80                testbmk12
 .rodata.patternbmk
                0x000000000800fe90       0x38 build/obj/testbmk.o
                0x000000000800fe90                patternbmk
 *fill*         0x000000000800fec8        0x8 
 .rodata.testbmk5
                0x000000000800fed0       0x10 build/obj/testbmk.o
                0x000000000800fed0                testbmk5
 .rodata.testbmk6
                0x000000000800fee0       0x10 build/obj/testbmk.o
                0x000000000800fee0                testbmk6
 .rodata.testbmk7
                0x000000000800fef0       0x10 build/obj/testbmk.o
                0x000000000800fef0                testbmk7
 .rodata.vmt    0x000000000800ff00       0x20 build/obj/serial.o
 .rodata.default_mac_address
                0x000000000800ff20        0x8 build/obj/mac_lld.o
 *fill*         0x000000000800ff28        0x8 
 .rodata.default_config
                0x000000000800ff30        0xc build/obj/serial_lld.o
 *fill*         0x000000000800ff3c        0x4 
 .rodata.pal_default_config
                0x000000000800ff40       0xfc build/obj/board.o
                0x000000000800ff40                pal_default_config
 *fill*         0x000000000801003c        0x4 
 .rodata.mac_config.7461
                0x0000000008010040        0x4 build/obj/lwipthread.o
 *fill*         0x0000000008010044        0xc 
 .rodata.str1.4
                0x0000000008010050        0xb build/obj/lwipthread.o
                                          0xc (size before relaxing)
 *fill*         0x000000000801005b        0x5 
 .rodata.ethbroadcast
                0x0000000008010060        0x8 build/obj/etharp.o
                0x0000000008010060                ethbroadcast
 *fill*         0x0000000008010068        0x8 
 .rodata.ethzero
                0x0000000008010070        0x8 build/obj/etharp.o
                0x0000000008010070                ethzero
 *fill*         0x0000000008010078        0x8 
 .rodata.memp_num
                0x0000000008010080       0x1c build/obj/memp.o
 *fill*         0x000000000801009c        0x4 
 .rodata.memp_sizes
                0x00000000080100a0       0x1c build/obj/memp.o
 *fill*         0x00000000080100bc        0x4 
 .rodata.tcp_pcb_lists
                0x00000000080100c0       0x10 build/obj/tcp.o
                0x00000000080100c0                tcp_pcb_lists
 .rodata.tcp_backoff
                0x00000000080100d0       0x10 build/obj/tcp.o
                0x00000000080100d0                tcp_backoff
 .rodata.tcp_persist_backoff
                0x00000000080100e0        0x8 build/obj/tcp.o
                0x00000000080100e0                tcp_persist_backoff
 *fill*         0x00000000080100e8        0x8 
 .rodata.str1.4
                0x00000000080100f0        0xd build/obj/tcpip.o
                                         0x10 (size before relaxing)
 *fill*         0x00000000080100fd        0x3 
 .rodata.http_index_html
                0x0000000008010100       0x88 build/obj/web.o
 *fill*         0x0000000008010188        0x8 
 .rodata.http_html_hdr
                0x0000000008010190       0x30 build/obj/web.o
 .rodata.str1.4
                0x00000000080101c0        0x8 build/obj/main.o
 *(.glue_7t)
 .glue_7t       0x0000000000000000        0x0 linker stubs
 *(.glue_7)
 .glue_7        0x0000000000000000        0x0 linker stubs
 *(.gcc*)

.vfp11_veneer   0x00000000080101c8        0x0
 .vfp11_veneer  0x0000000000000000        0x0 linker stubs

.v4_bx          0x00000000080101c8        0x0
 .v4_bx         0x0000000000000000        0x0 linker stubs

.iplt           0x00000000080101c8        0x0
 .iplt          0x0000000000000000        0x0 build/obj/crt0.o

.rel.dyn        0x00000000080101c8        0x0
 .rel.iplt      0x0000000000000000        0x0 build/obj/crt0.o

.ARM.extab
 *(.ARM.extab* .gnu.linkonce.armextab.*)

.ARM.exidx      0x00000000080101c8        0x0
                0x00000000080101c8                PROVIDE (__exidx_start, .)
 *(.ARM.exidx* .gnu.linkonce.armexidx.*)
                0x00000000080101c8                PROVIDE (__exidx_end, .)

.eh_frame_hdr
 *(.eh_frame_hdr)

.eh_frame
 *(.eh_frame)

.textalign      0x00000000080101c8        0x0
                0x00000000080101c8                . = ALIGN (0x8)
                0x00000000080101c8                . = ALIGN (0x4)
                0x00000000080101c8                _etext = .
                0x00000000080101c8                _textdata = _etext

.stacks         0x0000000020000000      0x800
                0x0000000020000000                . = ALIGN (0x8)
                0x0000000020000000                __main_stack_base__ = .
                0x0000000020000400                . = (. + __main_stack_size__)
 *fill*         0x0000000020000000      0x400 
                0x0000000020000400                . = ALIGN (0x8)
                0x0000000020000400                __main_stack_end__ = .
                0x0000000020000400                __process_stack_base__ = .
                0x0000000020000400                __main_thread_stack_base__ = .
                0x0000000020000800                . = (. + __process_stack_size__)
 *fill*         0x0000000020000400      0x400 
                0x0000000020000800                . = ALIGN (0x8)
                0x0000000020000800                __process_stack_end__ = .
                0x0000000020000800                __main_thread_stack_end__ = .

.data           0x0000000020000800       0xf8 load address 0x00000000080101c8
                0x0000000020000800                . = ALIGN (0x4)
                0x0000000020000800                PROVIDE (_data, .)
 *(.data)
                0x0000000020000800                . = ALIGN (0x4)
 *(.data.*)
 .data.sem1     0x0000000020000800        0xc build/obj/testsem.o
 .data.m1       0x000000002000080c       0x10 build/obj/testmtx.o
 .data.m2       0x000000002000081c       0x10 build/obj/testmtx.o
 .data.c1       0x000000002000082c        0x8 build/obj/testmtx.o
 .data.mb1      0x0000000020000834       0x28 build/obj/testmbox.o
 .data.es1      0x000000002000085c        0x4 build/obj/testevt.o
 .data.es2      0x0000000020000860        0x4 build/obj/testevt.o
 .data.mp1      0x0000000020000864        0xc build/obj/testpools.o
 .data.oq       0x0000000020000870       0x24 build/obj/testqueues.o
 .data.iq       0x0000000020000894       0x24 build/obj/testqueues.o
 .data.tcp_port
                0x00000000200008b8        0x2 build/obj/tcp.o
 *fill*         0x00000000200008ba        0x2 
 .data.iss.6023
                0x00000000200008bc        0x4 build/obj/tcp.o
 .data.udp_port
                0x00000000200008c0        0x2 build/obj/udp.o
 *fill*         0x00000000200008c2        0x2 
 .data.pwmcfg   0x00000000200008c4       0x34 build/obj/main.o
                0x00000000200008f8                . = ALIGN (0x4)
 *(.ramtext)
                0x00000000200008f8                . = ALIGN (0x4)
                0x00000000200008f8                PROVIDE (_edata, .)

.igot.plt       0x00000000200008f8        0x0 load address 0x00000000080102c0
 .igot.plt      0x0000000000000000        0x0 build/obj/crt0.o

.bss            0x00000000200008f8     0x7190 load address 0x00000000080102c0
                0x00000000200008f8                . = ALIGN (0x4)
                0x00000000200008f8                PROVIDE (_bss_start, .)
 *(.bss)
                0x00000000200008f8                . = ALIGN (0x4)
 *(.bss.*)
 .bss.mainthread.4794
                0x00000000200008f8       0x48 build/obj/chsys.o
 .bss._idle_thread_wa
                0x0000000020000940       0xe0 build/obj/chsys.o
                0x0000000020000940                _idle_thread_wa
 .bss.vtlist    0x0000000020000a20       0x10 build/obj/chvt.o
                0x0000000020000a20                vtlist
 .bss.rlist     0x0000000020000a30       0x1c build/obj/chschd.o
                0x0000000020000a30                rlist
 .bss.endmem    0x0000000020000a4c        0x4 build/obj/chmemcore.o
 .bss.nextmem   0x0000000020000a50        0x4 build/obj/chmemcore.o
 *fill*         0x0000000020000a54        0x4 
 .bss.default_heap
                0x0000000020000a58       0x20 build/obj/chheap.o
 .bss.test      0x0000000020000a78      0x690 build/obj/test.o
                0x0000000020000a78                test
 .bss.failpoint
                0x0000000020001108        0x4 build/obj/test.o
 .bss.local_fail
                0x000000002000110c        0x1 build/obj/test.o
 .bss.test_timer_done
                0x000000002000110d        0x1 build/obj/test.o
                0x000000002000110d                test_timer_done
 *fill*         0x000000002000110e        0x2 
 .bss.tokp      0x0000000020001110        0x4 build/obj/test.o
 .bss.global_fail
                0x0000000020001114        0x1 build/obj/test.o
 *fill*         0x0000000020001115        0x3 
 .bss.vt        0x0000000020001118       0x14 build/obj/test.o
 .bss.threads   0x000000002000112c       0x14 build/obj/test.o
                0x000000002000112c                threads
 .bss.chp       0x0000000020001140        0x4 build/obj/test.o
 .bss.tokens_buffer
                0x0000000020001144       0x10 build/obj/test.o
 *fill*         0x0000000020001154        0x4 
 .bss.test_heap
                0x0000000020001158       0x20 build/obj/testheap.o
 .bss.mp1       0x0000000020001178        0xc build/obj/testdyn.o
 *fill*         0x0000000020001184        0x4 
 .bss.heap1     0x0000000020001188       0x20 build/obj/testdyn.o
 .bss.ib.4941   0x00000000200011a8       0x10 build/obj/testbmk.o
 .bss.vt2.4955  0x00000000200011b8       0x14 build/obj/testbmk.o
 .bss.vt1.4954  0x00000000200011cc       0x14 build/obj/testbmk.o
 .bss.mtx1      0x00000000200011e0       0x10 build/obj/testbmk.o
 .bss.iq.4942   0x00000000200011f0       0x24 build/obj/testbmk.o
 .bss.sem1      0x0000000020001214        0xc build/obj/testbmk.o
 .bss.measurement_offset
                0x0000000020001220        0x4 build/obj/tm.o
 .bss.ETHD1     0x0000000020001224       0x34 build/obj/mac_lld.o
                0x0000000020001224                ETHD1
 .bss.rb        0x0000000020001258     0x17d0 build/obj/mac_lld.o
 .bss.rd        0x0000000020002a28       0x40 build/obj/mac_lld.o
 .bss.tb        0x0000000020002a68      0xbe8 build/obj/mac_lld.o
 .bss.td        0x0000000020003650       0x20 build/obj/mac_lld.o
 .bss.PWMD4     0x0000000020003670       0x14 build/obj/pwm_lld.o
                0x0000000020003670                PWMD4
 .bss.SD6       0x0000000020003684       0x78 build/obj/serial_lld.o
                0x0000000020003684                SD6
 *fill*         0x00000000200036fc        0x4 
 .bss.wa_lwip_thread
                0x0000000020003700      0x2d0 build/obj/lwipthread.o
                0x0000000020003700                wa_lwip_thread
 .bss.thisif.7460
                0x00000000200039d0       0x30 build/obj/lwipthread.o
 .bss.etharp_cached_entry
                0x0000000020003a00        0x1 build/obj/etharp.o
 *fill*         0x0000000020003a01        0x3 
 .bss.arp_table
                0x0000000020003a04       0xc8 build/obj/etharp.o