Archive member included because of file (symbol)

/usr/lib/gcc/arm-none-eabi/4.8.2/../../../arm-none-eabi/lib/armv7-m/libg.a(lib_a-memset.o)
                              build/obj/syscalls.o (memset)

Discarded input sections

 .text          0x0000000000000000        0x0 build/obj/crt0.o
 .data          0x0000000000000000        0x0 build/obj/crt0.o
 .bss           0x0000000000000000        0x0 build/obj/crt0.o
 .text.__early_init
                0x0000000000000000        0x4 build/obj/crt0.o
 .text          0x0000000000000000        0x0 build/obj/vectors.o
 .data          0x0000000000000000        0x0 build/obj/vectors.o
 .bss           0x0000000000000000        0x0 build/obj/vectors.o
 .text          0x0000000000000000        0x0 build/obj/chcore.o
 .data          0x0000000000000000        0x0 build/obj/chcore.o
 .bss           0x0000000000000000        0x0 build/obj/chcore.o
 .text          0x0000000000000000        0x0 build/obj/chcore_v7m.o
 .data          0x0000000000000000        0x0 build/obj/chcore_v7m.o
 .bss           0x0000000000000000        0x0 build/obj/chcore_v7m.o
 .text          0x0000000000000000        0x0 build/obj/nvic.o
 .data          0x0000000000000000        0x0 build/obj/nvic.o
 .bss           0x0000000000000000        0x0 build/obj/nvic.o
 .text.nvicDisableVector
                0x0000000000000000       0x44 build/obj/nvic.o
 .text          0x0000000000000000        0x0 build/obj/chsys.o
 .data          0x0000000000000000        0x0 build/obj/chsys.o
 .bss           0x0000000000000000        0x0 build/obj/chsys.o
 .text          0x0000000000000000        0x0 build/obj/chdebug.o
 .data          0x0000000000000000        0x0 build/obj/chdebug.o
 .bss           0x0000000000000000        0x0 build/obj/chdebug.o
 .debug_info    0x0000000000000000       0x79 build/obj/chdebug.o
 .debug_abbrev  0x0000000000000000       0x26 build/obj/chdebug.o
 .debug_aranges
                0x0000000000000000       0x18 build/obj/chdebug.o
 .debug_line    0x0000000000000000       0x1d build/obj/chdebug.o
 .debug_str     0x0000000000000000      0x171 build/obj/chdebug.o
 .comment       0x0000000000000000       0x20 build/obj/chdebug.o
 .ARM.attributes
                0x0000000000000000       0x33 build/obj/chdebug.o
 .text          0x0000000000000000        0x0 build/obj/chlists.o
 .data          0x0000000000000000        0x0 build/obj/chlists.o
 .bss           0x0000000000000000        0x0 build/obj/chlists.o
 .debug_info    0x0000000000000000       0x79 build/obj/chlists.o
 .debug_abbrev  0x0000000000000000       0x26 build/obj/chlists.o
 .debug_aranges
                0x0000000000000000       0x18 build/obj/chlists.o
 .debug_line    0x0000000000000000       0x1d build/obj/chlists.o
 .debug_str     0x0000000000000000      0x171 build/obj/chlists.o
 .comment       0x0000000000000000       0x20 build/obj/chlists.o
 .ARM.attributes
                0x0000000000000000       0x33 build/obj/chlists.o
 .text          0x0000000000000000        0x0 build/obj/chvt.o
 .data          0x0000000000000000        0x0 build/obj/chvt.o
 .bss           0x0000000000000000        0x0 build/obj/chvt.o
 .text          0x0000000000000000        0x0 build/obj/chschd.o
 .data          0x0000000000000000        0x0 build/obj/chschd.o
 .bss           0x0000000000000000        0x0 build/obj/chschd.o
 .text          0x0000000000000000        0x0 build/obj/chthreads.o
 .data          0x0000000000000000        0x0 build/obj/chthreads.o
 .bss           0x0000000000000000        0x0 build/obj/chthreads.o
 .text          0x0000000000000000        0x0 build/obj/chdynamic.o
 .data          0x0000000000000000        0x0 build/obj/chdynamic.o
 .bss           0x0000000000000000        0x0 build/obj/chdynamic.o
 .text          0x0000000000000000        0x0 build/obj/chregistry.o
 .data          0x0000000000000000        0x0 build/obj/chregistry.o
 .bss           0x0000000000000000        0x0 build/obj/chregistry.o
 .text          0x0000000000000000        0x0 build/obj/chsem.o
 .data          0x0000000000000000        0x0 build/obj/chsem.o
 .bss           0x0000000000000000        0x0 build/obj/chsem.o
 .text          0x0000000000000000        0x0 build/obj/chmtx.o
 .data          0x0000000000000000        0x0 build/obj/chmtx.o
 .bss           0x0000000000000000        0x0 build/obj/chmtx.o
 .text.chMtxTryLockS
                0x0000000000000000       0x20 build/obj/chmtx.o
 .text          0x0000000000000000        0x0 build/obj/chcond.o
 .data          0x0000000000000000        0x0 build/obj/chcond.o
 .bss           0x0000000000000000        0x0 build/obj/chcond.o
 .text          0x0000000000000000        0x0 build/obj/chevents.o
 .data          0x0000000000000000        0x0 build/obj/chevents.o
 .bss           0x0000000000000000        0x0 build/obj/chevents.o
 .text.chEvtGetAndClearFlags
                0x0000000000000000       0x18 build/obj/chevents.o
 .text.chEvtGetAndClearFlagsI
[...]
Memory Configuration

Name             Origin             Length             Attributes
flash            0x0000000008000000 0x0000000000020000
ram              0x0000000020000000 0x0000000000004000
*default*        0x0000000000000000 0xffffffffffffffff

Linker script and memory map

LOAD build/obj/crt0.o
LOAD build/obj/vectors.o
LOAD build/obj/chcore.o
LOAD build/obj/chcore_v7m.o
LOAD build/obj/nvic.o
LOAD build/obj/chsys.o
LOAD build/obj/chdebug.o
LOAD build/obj/chlists.o
LOAD build/obj/chvt.o
LOAD build/obj/chschd.o
LOAD build/obj/chthreads.o
LOAD build/obj/chdynamic.o
LOAD build/obj/chregistry.o
LOAD build/obj/chsem.o
LOAD build/obj/chmtx.o
LOAD build/obj/chcond.o
LOAD build/obj/chevents.o
LOAD build/obj/chmsg.o
LOAD build/obj/chmboxes.o
LOAD build/obj/chqueues.o
LOAD build/obj/chmemcore.o
LOAD build/obj/chheap.o
LOAD build/obj/chmempools.o
LOAD build/obj/test.o
LOAD build/obj/testthd.o
LOAD build/obj/testsem.o
LOAD build/obj/testmtx.o
LOAD build/obj/testmsg.o
LOAD build/obj/testmbox.o
LOAD build/obj/testevt.o
LOAD build/obj/testheap.o
LOAD build/obj/testpools.o
LOAD build/obj/testdyn.o
LOAD build/obj/testqueues.o
LOAD build/obj/testbmk.o
LOAD build/obj/hal.o
LOAD build/obj/adc.o
LOAD build/obj/can.o
LOAD build/obj/ext.o
LOAD build/obj/gpt.o
LOAD build/obj/i2c.o
LOAD build/obj/icu.o
LOAD build/obj/mac.o
LOAD build/obj/mmc_spi.o
LOAD build/obj/mmcsd.o
LOAD build/obj/pal.o
LOAD build/obj/pwm.o
LOAD build/obj/rtc.o
LOAD build/obj/sdc.o
LOAD build/obj/serial.o
LOAD build/obj/serial_usb.o
LOAD build/obj/spi.o
LOAD build/obj/tm.o
LOAD build/obj/uart.o
LOAD build/obj/usb.o
LOAD build/obj/stm32_dma.o
LOAD build/obj/hal_lld.o
LOAD build/obj/adc_lld.o
LOAD build/obj/ext_lld_isr.o
LOAD build/obj/ext_lld.o
LOAD build/obj/pal_lld.o
LOAD build/obj/i2c_lld.o
LOAD build/obj/rtc_lld.o
LOAD build/obj/spi_lld.o
LOAD build/obj/gpt_lld.o
LOAD build/obj/icu_lld.o
LOAD build/obj/pwm_lld.o
LOAD build/obj/serial_lld.o
LOAD build/obj/uart_lld.o
LOAD build/obj/usb_lld.o
LOAD build/obj/board.o
LOAD build/obj/evtimer.o
LOAD build/obj/syscalls.o
LOAD build/obj/main.o
                0x0000000000000400                __main_stack_size__ = 0x400
                0x0000000000000400                __process_stack_size__ = 0x400
                0x0000000020000000                __ram_start__ = ORIGIN (ram)
                0x0000000000004000                __ram_size__ = 0x4000
                0x0000000020004000                __ram_end__ = (__ram_start__ + __ram_size__)
                0x0000000000000000                . = 0x0
                0x0000000000000000                _text = .

startup         0x0000000008000000       0xf4
 *(vectors)
 vectors        0x0000000008000000       0xf4 build/obj/vectors.o
                0x0000000008000000                _vectors

constructors    0x00000000080000f4        0x0
                0x00000000080000f4                PROVIDE (__init_array_start, .)
 *(SORT(.init_array.*))
 *(.init_array)
                0x00000000080000f4                PROVIDE (__init_array_end, .)

destructors     0x00000000080000f4        0x0
                0x00000000080000f4                PROVIDE (__fini_array_start, .)
 *(.fini_array)
 *(SORT(.fini_array.*))
                0x00000000080000f4                PROVIDE (__fini_array_end, .)

.text           0x0000000008000100     0x81c4
 *(.text.startup.*)
 .text.startup.main
                0x0000000008000100      0x134 build/obj/main.o
                0x0000000008000100                main
 *(.text)
 *(.text.*)
 *fill*         0x0000000008000234        0xc 
 .text.__late_init
                0x0000000008000240        0x4 build/obj/crt0.o
                0x0000000008000240                __late_init
 *fill*         0x0000000008000244        0xc 
 .text._default_exit
                0x0000000008000250        0x4 build/obj/crt0.o
                0x0000000008000250                _default_exit
 *fill*         0x0000000008000254        0xc 
 .text.ResetHandler
                0x0000000008000260      0x134 build/obj/crt0.o
                0x0000000008000260                ResetHandler
 *fill*         0x0000000008000394        0xc 
 .text._unhandled_exception
                0x00000000080003a0        0x4 build/obj/vectors.o
                0x00000000080003a0                Vector58
                0x00000000080003a0                VectorE8
                0x00000000080003a0                Vector9C
                0x00000000080003a0                VectorAC
                0x00000000080003a0                Vector5C
                0x00000000080003a0                NMIVector
                0x00000000080003a0                Vector8C
                0x00000000080003a0                VectorDC
                0x00000000080003a0                VectorC8
                0x00000000080003a0                Vector94
                0x00000000080003a0                VectorA8
                0x00000000080003a0                VectorB4
                0x00000000080003a0                VectorEC
                0x00000000080003a0                UsageFaultVector
                0x00000000080003a0                DebugMonitorVector
                0x00000000080003a0                Vector40
                0x00000000080003a0                VectorBC
                0x00000000080003a0                PendSVVector
                0x00000000080003a0                Vector64
                0x00000000080003a0                VectorCC
                0x00000000080003a0                Vector54
                0x00000000080003a0                Vector98
                0x00000000080003a0                VectorD8
                0x00000000080003a0                Vector24
                0x00000000080003a0                BusFaultVector
                0x00000000080003a0                VectorD0
                0x00000000080003a0                VectorE4
                0x00000000080003a0                VectorC0
                0x00000000080003a0                HardFaultVector
                0x00000000080003a0                VectorF0
                0x00000000080003a0                VectorE0
                0x00000000080003a0                MemManageVector
                0x00000000080003a0                VectorA0
                0x00000000080003a0                VectorC4
                0x00000000080003a0                VectorB0
                0x00000000080003a0                Vector90
                0x00000000080003a0                Vector60
                0x00000000080003a0                Vector1C
                0x00000000080003a0                Vector48
                0x00000000080003a0                Vector4C
                0x00000000080003a0                Vector68
                0x00000000080003a0                _unhandled_exception
                0x00000000080003a0                Vector50
                0x00000000080003a0                Vector44
                0x00000000080003a0                Vector28
                0x00000000080003a0                Vector34
                0x00000000080003a0                VectorA4
                0x00000000080003a0                Vector20
 *fill*         0x00000000080003a4        0xc 
 .text.port_halt
                0x00000000080003b0        0x4 build/obj/chcore.o
                0x00000000080003b0                port_halt
 *fill*         0x00000000080003b4        0xc 
 .text._port_switch_from_isr
                0x00000000080003c0        0x8 build/obj/chcore_v7m.o
                0x00000000080003c0                _port_switch_from_isr
 *fill*         0x00000000080003c8        0x8 
 .text.SVCallVector
                0x00000000080003d0       0x14 build/obj/chcore_v7m.o
                0x00000000080003d0                SVCallVector
 *fill*         0x00000000080003e4        0xc 
 .text._port_init
                0x00000000080003f0       0x34 build/obj/chcore_v7m.o
                0x00000000080003f0                _port_init
 *fill*         0x0000000008000424        0xc 
 .text._port_irq_epilogue
                0x0000000008000430       0x7c build/obj/chcore_v7m.o
                0x0000000008000430                _port_irq_epilogue
 *fill*         0x00000000080004ac        0x4 
 .text.SysTickVector
                0x00000000080004b0       0x1c build/obj/chcore_v7m.o
                0x00000000080004b0                SysTickVector
 *fill*         0x00000000080004cc        0x4 
 .text._port_switch
                0x00000000080004d0       0x10 build/obj/chcore_v7m.o
                0x00000000080004d0                _port_switch
 .text._port_thread_start
                0x00000000080004e0       0x10 build/obj/chcore_v7m.o
                0x00000000080004e0                _port_thread_start
 .text.nvicEnableVector
                0x00000000080004f0       0x48 build/obj/nvic.o
                0x00000000080004f0                nvicEnableVector
 *fill*         0x0000000008000538        0x8 
 .text.nvicSetSystemHandlerPriority
                0x0000000008000540       0x24 build/obj/nvic.o
                0x0000000008000540                nvicSetSystemHandlerPriority
 *fill*         0x0000000008000564        0xc 
 .text._idle_thread
                0x0000000008000570       0x18 build/obj/chsys.o
                0x0000000008000570                _idle_thread
 *fill*         0x0000000008000588        0x8 
 .text.chSysInit
                0x0000000008000590       0x70 build/obj/chsys.o
                0x0000000008000590                chSysInit
 .text.chSysTimerHandlerI
                0x0000000008000600       0x64 build/obj/chsys.o
                0x0000000008000600                chSysTimerHandlerI
 *fill*         0x0000000008000664        0xc 
 .text._vt_init
                0x0000000008000670       0x18 build/obj/chvt.o
                0x0000000008000670                _vt_init
 *fill*         0x0000000008000688        0x8 
 .text.chVTSetI
                0x0000000008000690       0x3c build/obj/chvt.o
                0x0000000008000690                chVTSetI
 *fill*         0x00000000080006cc        0x4 
 .text.chVTResetI
                0x00000000080006d0       0x24 build/obj/chvt.o
                0x00000000080006d0                chVTResetI
 *fill*         0x00000000080006f4        0xc 
 .text.wakeup   0x0000000008000700       0x70 build/obj/chschd.o
 .text._scheduler_init
                0x0000000008000770       0x18 build/obj/chschd.o
                0x0000000008000770                _scheduler_init
 *fill*         0x0000000008000788        0x8 
 .text.chSchReadyI
                0x0000000008000790       0x2c build/obj/chschd.o
                0x0000000008000790                chSchReadyI
 *fill*         0x00000000080007bc        0x4 
 .text.chSchGoSleepS
                0x00000000080007c0       0x28 build/obj/chschd.o
                0x00000000080007c0                chSchGoSleepS
 *fill*         0x00000000080007e8        0x8 
 .text.chSchGoSleepTimeoutS
                0x00000000080007f0       0x50 build/obj/chschd.o
                0x00000000080007f0                chSchGoSleepTimeoutS
 .text.chSchWakeupS
                0x0000000008000840       0x6c build/obj/chschd.o
                0x0000000008000840                chSchWakeupS
 *fill*         0x00000000080008ac        0x4 
 .text.chSchDoRescheduleBehind
                0x00000000080008b0       0x44 build/obj/chschd.o
                0x00000000080008b0                chSchDoRescheduleBehind
 *fill*         0x00000000080008f4        0xc 
 .text.chSchDoRescheduleAhead
                0x0000000008000900       0x40 build/obj/chschd.o
                0x0000000008000900                chSchDoRescheduleAhead
 .text.chSchRescheduleS
                0x0000000008000940       0x1c build/obj/chschd.o
                0x0000000008000940                chSchRescheduleS
 *fill*         0x000000000800095c        0x4 
 .text.chSchDoReschedule
                0x0000000008000960       0x18 build/obj/chschd.o
                0x0000000008000960                chSchDoReschedule
 *fill*         0x0000000008000978        0x8 
 .text._thread_init
                0x0000000008000980       0x54 build/obj/chthreads.o
                0x0000000008000980                _thread_init
 *fill*         0x00000000080009d4        0xc 
 .text.chThdCreateI
                0x00000000080009e0       0x7c build/obj/chthreads.o
                0x00000000080009e0                chThdCreateI
 *fill*         0x0000000008000a5c        0x4 
 .text.chThdCreateStatic
                0x0000000008000a60       0x8c build/obj/chthreads.o
                0x0000000008000a60                chThdCreateStatic
 *fill*         0x0000000008000aec        0x4 
 .text.chThdSetPriority
                0x0000000008000af0       0x30 build/obj/chthreads.o
                0x0000000008000af0                chThdSetPriority
 .text.chThdResume
                0x0000000008000b20       0x1c build/obj/chthreads.o
                0x0000000008000b20                chThdResume
 *fill*         0x0000000008000b3c        0x4 
 .text.chThdTerminate
                0x0000000008000b40       0x18 build/obj/chthreads.o
                0x0000000008000b40                chThdTerminate
 *fill*         0x0000000008000b58        0x8 
 .text.chThdSleep
                0x0000000008000b60       0x18 build/obj/chthreads.o
                0x0000000008000b60                chThdSleep
 *fill*         0x0000000008000b78        0x8 
 .text.chThdSleepUntil
                0x0000000008000b80       0x24 build/obj/chthreads.o
                0x0000000008000b80                chThdSleepUntil
 *fill*         0x0000000008000ba4        0xc 
 .text.chThdYield
                0x0000000008000bb0       0x28 build/obj/chthreads.o
                0x0000000008000bb0                chThdYield
 *fill*         0x0000000008000bd8        0x8 
 .text.chThdExitS
                0x0000000008000be0       0x44 build/obj/chthreads.o
                0x0000000008000be0                chThdExitS
 *fill*         0x0000000008000c24        0xc 
 .text.chThdExit
                0x0000000008000c30        0xc build/obj/chthreads.o
                0x0000000008000c30                chThdExit
 *fill*         0x0000000008000c3c        0x4 
 .text.chThdWait
                0x0000000008000c40       0x38 build/obj/chthreads.o
                0x0000000008000c40                chThdWait
 *fill*         0x0000000008000c78        0x8 
 .text.chThdAddRef
                0x0000000008000c80       0x14 build/obj/chdynamic.o
                0x0000000008000c80                chThdAddRef
 *fill*         0x0000000008000c94        0xc 
 .text.chThdRelease
                0x0000000008000ca0       0x50 build/obj/chdynamic.o
                0x0000000008000ca0                chThdRelease
 .text.chThdCreateFromHeap
                0x0000000008000cf0       0x3c build/obj/chdynamic.o
                0x0000000008000cf0                chThdCreateFromHeap
 *fill*         0x0000000008000d2c        0x4 
 .text.chThdCreateFromMemoryPool
                0x0000000008000d30       0x40 build/obj/chdynamic.o
                0x0000000008000d30                chThdCreateFromMemoryPool
 .text.chRegFirstThread
                0x0000000008000d70       0x20 build/obj/chregistry.o
                0x0000000008000d70                chRegFirstThread
 .text.chRegNextThread
                0x0000000008000d90       0x2c build/obj/chregistry.o
                0x0000000008000d90                chRegNextThread
 *fill*         0x0000000008000dbc        0x4 
 .text.chSemInit
                0x0000000008000dc0        0x8 build/obj/chsem.o
                0x0000000008000dc0                chSemInit
 *fill*         0x0000000008000dc8        0x8 
 .text.chSemResetI
                0x0000000008000dd0       0x28 build/obj/chsem.o
                0x0000000008000dd0                chSemResetI
 *fill*         0x0000000008000df8        0x8 
 .text.chSemReset
                0x0000000008000e00       0x18 build/obj/chsem.o
                0x0000000008000e00                chSemReset
 *fill*         0x0000000008000e18        0x8 
 .text.chSemWaitS
                0x0000000008000e20       0x34 build/obj/chsem.o
                0x0000000008000e20                chSemWaitS
 *fill*         0x0000000008000e54        0xc 
 .text.chSemWait
                0x0000000008000e60       0x14 build/obj/chsem.o
                0x0000000008000e60                chSemWait
 *fill*         0x0000000008000e74        0xc 
 .text.chSemWaitTimeoutS
                0x0000000008000e80       0x44 build/obj/chsem.o
                0x0000000008000e80                chSemWaitTimeoutS
 *fill*         0x0000000008000ec4        0xc 
 .text.chSemWaitTimeout
                0x0000000008000ed0       0x14 build/obj/chsem.o
                0x0000000008000ed0                chSemWaitTimeout
 *fill*         0x0000000008000ee4        0xc 
 .text.chSemSignal
                0x0000000008000ef0       0x34 build/obj/chsem.o
                0x0000000008000ef0                chSemSignal
 *fill*         0x0000000008000f24        0xc 
 .text.chSemSignalI
                0x0000000008000f30       0x2c build/obj/chsem.o
                0x0000000008000f30                chSemSignalI
 *fill*         0x0000000008000f5c        0x4 
 .text.chSemAddCounterI
                0x0000000008000f60       0x30 build/obj/chsem.o
                0x0000000008000f60                chSemAddCounterI
 .text.chSemSignalWait
                0x0000000008000f90       0x70 build/obj/chsem.o
                0x0000000008000f90                chSemSignalWait
 .text.chMtxInit
                0x0000000008001000        0xc build/obj/chmtx.o
                0x0000000008001000                chMtxInit
 *fill*         0x000000000800100c        0x4 
 .text.chMtxLockS
                0x0000000008001010       0xc8 build/obj/chmtx.o
                0x0000000008001010                chMtxLockS
 *fill*         0x00000000080010d8        0x8 
 .text.chMtxLock
                0x00000000080010e0       0x14 build/obj/chmtx.o
                0x00000000080010e0                chMtxLock
 *fill*         0x00000000080010f4        0xc 
 .text.chMtxTryLock
                0x0000000008001100       0x34 build/obj/chmtx.o
                0x0000000008001100                chMtxTryLock
 *fill*         0x0000000008001134        0xc 
 .text.chMtxUnlock
                0x0000000008001140       0x68 build/obj/chmtx.o
                0x0000000008001140                chMtxUnlock
 *fill*         0x00000000080011a8        0x8 
 .text.chMtxUnlockS
                0x00000000080011b0       0x54 build/obj/chmtx.o
                0x00000000080011b0                chMtxUnlockS
 *fill*         0x0000000008001204        0xc 
 .text.chMtxUnlockAll
                0x0000000008001210       0x50 build/obj/chmtx.o
                0x0000000008001210                chMtxUnlockAll
 .text.chCondInit
                0x0000000008001260        0x8 build/obj/chcond.o
                0x0000000008001260                chCondInit
 *fill*         0x0000000008001268        0x8 
 .text.chCondSignal
                0x0000000008001270       0x24 build/obj/chcond.o
                0x0000000008001270                chCondSignal
 *fill*         0x0000000008001294        0xc 
 .text.chCondSignalI
                0x00000000080012a0       0x1c build/obj/chcond.o
                0x00000000080012a0                chCondSignalI
 *fill*         0x00000000080012bc        0x4 
 .text.chCondBroadcastI
                0x00000000080012c0       0x24 build/obj/chcond.o
                0x00000000080012c0                chCondBroadcastI
 *fill*         0x00000000080012e4        0xc 
 .text.chCondBroadcast
                0x00000000080012f0       0x18 build/obj/chcond.o
                0x00000000080012f0                chCondBroadcast
 *fill*         0x0000000008001308        0x8 
 .text.chCondWaitS
                0x0000000008001310       0x44 build/obj/chcond.o
                0x0000000008001310                chCondWaitS
 *fill*         0x0000000008001354        0xc 
 .text.chCondWait
                0x0000000008001360       0x14 build/obj/chcond.o
                0x0000000008001360                chCondWait
 *fill*         0x0000000008001374        0xc 
 .text.chCondWaitTimeoutS
                0x0000000008001380       0x50 build/obj/chcond.o
                0x0000000008001380                chCondWaitTimeoutS
 .text.chCondWaitTimeout
                0x00000000080013d0       0x14 build/obj/chcond.o
                0x00000000080013d0                chCondWaitTimeout
 *fill*         0x00000000080013e4        0xc 
 .text.chEvtRegisterMask
                0x00000000080013f0       0x2c build/obj/chevents.o
                0x00000000080013f0                chEvtRegisterMask
 *fill*         0x000000000800141c        0x4 
 .text.chEvtUnregister
                0x0000000008001420       0x2c build/obj/chevents.o
                0x0000000008001420                chEvtUnregister
 *fill*         0x000000000800144c        0x4 
 .text.chEvtGetAndClearEvents
                0x0000000008001450       0x28 build/obj/chevents.o
                0x0000000008001450                chEvtGetAndClearEvents
 *fill*         0x0000000008001478        0x8 
 .text.chEvtAddEvents
                0x0000000008001480       0x20 build/obj/chevents.o
                0x0000000008001480                chEvtAddEvents
 .text.chEvtSignalI
                0x00000000080014a0       0x30 build/obj/chevents.o
                0x00000000080014a0                chEvtSignalI
 .text.chEvtBroadcastFlagsI
                0x00000000080014d0       0x24 build/obj/chevents.o
                0x00000000080014d0                chEvtBroadcastFlagsI
 *fill*         0x00000000080014f4        0xc 
 .text.chEvtSignal
                0x0000000008001500       0x18 build/obj/chevents.o
                0x0000000008001500                chEvtSignal
 *fill*         0x0000000008001518        0x8 
 .text.chEvtBroadcastFlags
                0x0000000008001520       0x18 build/obj/chevents.o
                0x0000000008001520                chEvtBroadcastFlags
 *fill*         0x0000000008001538        0x8 
 .text.chEvtDispatch
                0x0000000008001540       0x30 build/obj/chevents.o
                0x0000000008001540                chEvtDispatch
 .text.chEvtWaitOne
                0x0000000008001570       0x3c build/obj/chevents.o
                0x0000000008001570                chEvtWaitOne
 *fill*         0x00000000080015ac        0x4 
 .text.chEvtWaitAny
                0x00000000080015b0       0x38 build/obj/chevents.o
                0x00000000080015b0                chEvtWaitAny
 *fill*         0x00000000080015e8        0x8 
 .text.chEvtWaitAll
                0x00000000080015f0       0x38 build/obj/chevents.o
                0x00000000080015f0                chEvtWaitAll
 *fill*         0x0000000008001628        0x8 
 .text.chEvtWaitOneTimeout
                0x0000000008001630       0x58 build/obj/chevents.o
                0x0000000008001630                chEvtWaitOneTimeout
 *fill*         0x0000000008001688        0x8 
 .text.chEvtWaitAnyTimeout
                0x0000000008001690       0x54 build/obj/chevents.o
                0x0000000008001690                chEvtWaitAnyTimeout
 *fill*         0x00000000080016e4        0xc 
 .text.chEvtWaitAllTimeout
                0x00000000080016f0       0x54 build/obj/chevents.o
                0x00000000080016f0                chEvtWaitAllTimeout
 *fill*         0x0000000008001744        0xc 
 .text.chMsgSend
                0x0000000008001750       0x40 build/obj/chmsg.o
                0x0000000008001750                chMsgSend
 .text.chMsgWait
                0x0000000008001790       0x40 build/obj/chmsg.o
                0x0000000008001790                chMsgWait
 .text.chMsgRelease
                0x00000000080017d0       0x14 build/obj/chmsg.o
                0x00000000080017d0                chMsgRelease
 *fill*         0x00000000080017e4        0xc 
 .text.chMBInit
                0x00000000080017f0       0x28 build/obj/chmboxes.o
                0x00000000080017f0                chMBInit
 *fill*         0x0000000008001818        0x8 
 .text.chMBReset
                0x0000000008001820       0x34 build/obj/chmboxes.o
                0x0000000008001820                chMBReset
 *fill*         0x0000000008001854        0xc 
 .text.chMBPostS
                0x0000000008001860       0x38 build/obj/chmboxes.o
                0x0000000008001860                chMBPostS
 *fill*         0x0000000008001898        0x8 
 .text.chMBPost
                0x00000000080018a0       0x14 build/obj/chmboxes.o
                0x00000000080018a0                chMBPost
 *fill*         0x00000000080018b4        0xc 
 .text.chMBPostI
                0x00000000080018c0       0x34 build/obj/chmboxes.o
                0x00000000080018c0                chMBPostI
 *fill*         0x00000000080018f4        0xc 
 .text.chMBPostAheadS
                0x0000000008001900       0x38 build/obj/chmboxes.o
                0x0000000008001900                chMBPostAheadS
 *fill*         0x0000000008001938        0x8 
 .text.chMBPostAhead
                0x0000000008001940       0x14 build/obj/chmboxes.o
                0x0000000008001940                chMBPostAhead
 *fill*         0x0000000008001954        0xc 
 .text.chMBPostAheadI
                0x0000000008001960       0x38 build/obj/chmboxes.o
                0x0000000008001960                chMBPostAheadI
 *fill*         0x0000000008001998        0x8 
 .text.chMBFetchS
                0x00000000080019a0       0x38 build/obj/chmboxes.o
                0x00000000080019a0                chMBFetchS
 *fill*         0x00000000080019d8        0x8 
 .text.chMBFetch
                0x00000000080019e0       0x14 build/obj/chmboxes.o
                0x00000000080019e0                chMBFetch
 *fill*         0x00000000080019f4        0xc 
 .text.chMBFetchI
                0x0000000008001a00       0x38 build/obj/chmboxes.o
                0x0000000008001a00                chMBFetchI
 *fill*         0x0000000008001a38        0x8 
 .text.qwait    0x0000000008001a40       0x30 build/obj/chqueues.o
 .text.chIQInit
                0x0000000008001a70       0x20 build/obj/chqueues.o
                0x0000000008001a70                chIQInit
 .text.chIQResetI
                0x0000000008001a90       0x2c build/obj/chqueues.o
                0x0000000008001a90                chIQResetI
 *fill*         0x0000000008001abc        0x4 
 .text.chIQPutI
                0x0000000008001ac0       0x50 build/obj/chqueues.o
                0x0000000008001ac0                chIQPutI
 .text.chIQGetTimeout
                0x0000000008001b10       0x50 build/obj/chqueues.o
                0x0000000008001b10                chIQGetTimeout
 .text.chIQReadTimeout
                0x0000000008001b60       0x78 build/obj/chqueues.o
                0x0000000008001b60                chIQReadTimeout
 *fill*         0x0000000008001bd8        0x8 
 .text.chOQInit
                0x0000000008001be0       0x1c build/obj/chqueues.o
                0x0000000008001be0                chOQInit
 *fill*         0x0000000008001bfc        0x4 
 .text.chOQResetI
                0x0000000008001c00       0x30 build/obj/chqueues.o
                0x0000000008001c00                chOQResetI
 .text.chOQPutTimeout
                0x0000000008001c30       0x54 build/obj/chqueues.o
                0x0000000008001c30                chOQPutTimeout
 *fill*         0x0000000008001c84        0xc 
 .text.chOQGetI
                0x0000000008001c90       0x48 build/obj/chqueues.o
                0x0000000008001c90                chOQGetI
 *fill*         0x0000000008001cd8        0x8 
 .text.chOQWriteTimeout
                0x0000000008001ce0       0x78 build/obj/chqueues.o
                0x0000000008001ce0                chOQWriteTimeout
 *fill*         0x0000000008001d58        0x8 
 .text._core_init
                0x0000000008001d60       0x2c build/obj/chmemcore.o
                0x0000000008001d60                _core_init
 *fill*         0x0000000008001d8c        0x4 
 .text.chCoreAlloc
                0x0000000008001d90       0x38 build/obj/chmemcore.o
                0x0000000008001d90                chCoreAlloc
 *fill*         0x0000000008001dc8        0x8 
 .text.chCoreStatus
                0x0000000008001dd0       0x18 build/obj/chmemcore.o
                0x0000000008001dd0                chCoreStatus
 *fill*         0x0000000008001de8        0x8 
 .text._heap_init
                0x0000000008001df0       0x20 build/obj/chheap.o
                0x0000000008001df0                _heap_init
 .text.chHeapInit
                0x0000000008001e10       0x14 build/obj/chheap.o
                0x0000000008001e10                chHeapInit
 *fill*         0x0000000008001e24        0xc 
 .text.chHeapAlloc
                0x0000000008001e30       0x88 build/obj/chheap.o
                0x0000000008001e30                chHeapAlloc
 *fill*         0x0000000008001eb8        0x8 
 .text.chHeapFree
                0x0000000008001ec0       0x94 build/obj/chheap.o
                0x0000000008001ec0                chHeapFree
 *fill*         0x0000000008001f54        0xc 
 .text.chHeapStatus
                0x0000000008001f60       0x44 build/obj/chheap.o
                0x0000000008001f60                chHeapStatus
 *fill*         0x0000000008001fa4        0xc 
 .text.chPoolInit
                0x0000000008001fb0        0xc build/obj/chmempools.o
                0x0000000008001fb0                chPoolInit
 *fill*         0x0000000008001fbc        0x4 
 .text.chPoolLoadArray
                0x0000000008001fc0       0x24 build/obj/chmempools.o
                0x0000000008001fc0                chPoolLoadArray
 *fill*         0x0000000008001fe4        0xc 
 .text.chPoolAlloc
                0x0000000008001ff0       0x2c build/obj/chmempools.o
                0x0000000008001ff0                chPoolAlloc
 *fill*         0x000000000800201c        0x4 
 .text.chPoolFree
                0x0000000008002020       0x14 build/obj/chmempools.o
                0x0000000008002020                chPoolFree
 *fill*         0x0000000008002034        0xc 
 .text.tmr      0x0000000008002040       0x10 build/obj/test.o
 .text.print_line
                0x0000000008002050       0x38 build/obj/test.o
 *fill*         0x0000000008002088        0x8 
 .text.test_printn
                0x0000000008002090       0x70 build/obj/test.o
                0x0000000008002090                test_printn
 .text.test_print
                0x0000000008002100       0x24 build/obj/test.o
                0x0000000008002100                test_print
 *fill*         0x0000000008002124        0xc 
 .text.test_println
                0x0000000008002130       0x3c build/obj/test.o
                0x0000000008002130                test_println
 *fill*         0x000000000800216c        0x4 
 .text.test_emit_token
                0x0000000008002170       0x24 build/obj/test.o
                0x0000000008002170                test_emit_token
 *fill*         0x0000000008002194        0xc 
 .text._test_assert
                0x00000000080021a0       0x30 build/obj/test.o
                0x00000000080021a0                _test_assert
 .text._test_assert_sequence
                0x00000000080021d0       0x5c build/obj/test.o
                0x00000000080021d0                _test_assert_sequence
 *fill*         0x000000000800222c        0x4 
 .text._test_assert_time_window
                0x0000000008002230       0x40 build/obj/test.o
                0x0000000008002230                _test_assert_time_window
 .text.test_terminate_threads
                0x0000000008002270       0x20 build/obj/test.o
                0x0000000008002270                test_terminate_threads
 .text.test_wait_threads
                0x0000000008002290       0x28 build/obj/test.o
                0x0000000008002290                test_wait_threads
 *fill*         0x00000000080022b8        0x8 
 .text.test_cpu_pulse
                0x00000000080022c0       0x60 build/obj/test.o
                0x00000000080022c0                test_cpu_pulse
 .text.test_wait_tick
                0x0000000008002320       0x14 build/obj/test.o
                0x0000000008002320                test_wait_tick
 *fill*         0x0000000008002334        0xc 
 .text.test_start_timer
                0x0000000008002340       0x4c build/obj/test.o
                0x0000000008002340                test_start_timer
 *fill*         0x000000000800238c        0x4 
 .text.TestThread
                0x0000000008002390      0x37c build/obj/test.o
                0x0000000008002390                TestThread
 *fill*         0x000000000800270c        0x4 
 .text.thd1_execute
                0x0000000008002710       0xdc build/obj/testthd.o
 *fill*         0x00000000080027ec        0x4 
 .text.thread   0x00000000080027f0        0xc build/obj/testthd.o
 *fill*         0x00000000080027fc        0x4 
 .text.thd2_execute
                0x0000000008002800      0x110 build/obj/testthd.o
 .text.thd3_execute
                0x0000000008002910      0x144 build/obj/testthd.o
 *fill*         0x0000000008002a54        0xc 
 .text.thd4_execute
                0x0000000008002a60       0x7c build/obj/testthd.o
 *fill*         0x0000000008002adc        0x4 
 .text.sem1_execute
                0x0000000008002ae0      0x194 build/obj/testsem.o
 *fill*         0x0000000008002c74        0xc 
 .text.thread3  0x0000000008002c80       0x1c build/obj/testsem.o
 *fill*         0x0000000008002c9c        0x4 
 .text.thread1  0x0000000008002ca0       0x1c build/obj/testsem.o
 *fill*         0x0000000008002cbc        0x4 
 .text.sem1_setup
                0x0000000008002cc0       0x10 build/obj/testsem.o
 .text.sem2_setup
                0x0000000008002cd0       0x10 build/obj/testsem.o
 .text.sem3_setup
                0x0000000008002ce0       0x10 build/obj/testsem.o
 .text.thread2  0x0000000008002cf0       0x28 build/obj/testsem.o
 *fill*         0x0000000008002d18        0x8 
 .text.thread4  0x0000000008002d20       0x24 build/obj/testsem.o
 *fill*         0x0000000008002d44        0xc 
 .text.sem4_execute
                0x0000000008002d50      0x108 build/obj/testsem.o
 *fill*         0x0000000008002e58        0x8 
 .text.sem2_execute
                0x0000000008002e60      0x164 build/obj/testsem.o
 *fill*         0x0000000008002fc4        0xc 
 .text.sem3_execute
                0x0000000008002fd0       0xb0 build/obj/testsem.o
 .text.mtx1_execute
                0x0000000008003080      0x10c build/obj/testmtx.o
 *fill*         0x000000000800318c        0x4 
 .text.thread1  0x0000000008003190       0x20 build/obj/testmtx.o
 .text.thread12
                0x00000000080031b0       0x20 build/obj/testmtx.o
 .text.mtx1_setup
                0x00000000080031d0        0xc build/obj/testmtx.o
 *fill*         0x00000000080031dc        0x4 
 .text.mtx2_setup
                0x00000000080031e0        0xc build/obj/testmtx.o
 *fill*         0x00000000080031ec        0x4 
 .text.mtx3_setup
                0x00000000080031f0       0x20 build/obj/testmtx.o
 .text.mtx4_setup
                0x0000000008003210       0x20 build/obj/testmtx.o
 .text.mtx5_setup
                0x0000000008003230        0xc build/obj/testmtx.o
 *fill*         0x000000000800323c        0x4 
 .text.mtx2_execute
                0x0000000008003240       0xb8 build/obj/testmtx.o
 *fill*         0x00000000080032f8        0x8 
 .text.mtx3_execute
                0x0000000008003300       0xf4 build/obj/testmtx.o
 *fill*         0x00000000080033f4        0xc 
 .text.thread2L
                0x0000000008003400       0x28 build/obj/testmtx.o
 *fill*         0x0000000008003428        0x8 
 .text.thread3LL
                0x0000000008003430       0x24 build/obj/testmtx.o
 *fill*         0x0000000008003454        0xc 
 .text.thread2M
                0x0000000008003460       0x18 build/obj/testmtx.o
 *fill*         0x0000000008003478        0x8 
 .text.thread2H
                0x0000000008003480       0x28 build/obj/testmtx.o
 *fill*         0x00000000080034a8        0x8 
 .text.thread3HH
                0x00000000080034b0       0x28 build/obj/testmtx.o
 *fill*         0x00000000080034d8        0x8 
 .text.thread3H
                0x00000000080034e0       0x18 build/obj/testmtx.o
 *fill*         0x00000000080034f8        0x8 
 .text.thread3M
                0x0000000008003500       0x28 build/obj/testmtx.o
 *fill*         0x0000000008003528        0x8 
 .text.thread3L
                0x0000000008003530       0x44 build/obj/testmtx.o
 *fill*         0x0000000008003574        0xc 
 .text.thread4b
                0x0000000008003580       0x1c build/obj/testmtx.o
 *fill*         0x000000000800359c        0x4 
 .text.thread4a
                0x00000000080035a0       0x1c build/obj/testmtx.o
 *fill*         0x00000000080035bc        0x4 
 .text.mtx4_execute
                0x00000000080035c0      0x294 build/obj/testmtx.o
 *fill*         0x0000000008003854        0xc 
 .text.mtx5_execute
                0x0000000008003860       0xc8 build/obj/testmtx.o
 *fill*         0x0000000008003928        0x8 
 .text.mtx6_execute
                0x0000000008003930      0x100 build/obj/testmtx.o
 .text.thread10
                0x0000000008003a30       0x2c build/obj/testmtx.o
 *fill*         0x0000000008003a5c        0x4 
 .text.mtx6_setup
                0x0000000008003a60       0x20 build/obj/testmtx.o
 .text.mtx7_setup
                0x0000000008003a80       0x20 build/obj/testmtx.o
 .text.mtx8_setup
                0x0000000008003aa0       0x2c build/obj/testmtx.o
 *fill*         0x0000000008003acc        0x4 
 .text.mtx7_execute
                0x0000000008003ad0       0xd8 build/obj/testmtx.o
 *fill*         0x0000000008003ba8        0x8 
 .text.mtx8_execute
                0x0000000008003bb0       0xb0 build/obj/testmtx.o
 .text.thread11
                0x0000000008003c60       0x40 build/obj/testmtx.o
 .text.msg1_execute
                0x0000000008003ca0       0x84 build/obj/testmsg.o
 *fill*         0x0000000008003d24        0xc 
 .text.thread   0x0000000008003d30       0x20 build/obj/testmsg.o
 .text.mbox1_execute
                0x0000000008003d50      0x67c build/obj/testmbox.o
 *fill*         0x00000000080043cc        0x4 
 .text.mbox1_setup
                0x00000000080043d0       0x18 build/obj/testmbox.o
 *fill*         0x00000000080043e8        0x8 
 .text.evt1_execute
                0x00000000080043f0       0x88 build/obj/testevt.o
 *fill*         0x0000000008004478        0x8 
 .text.h3       0x0000000008004480        0x8 build/obj/testevt.o
 *fill*         0x0000000008004488        0x8 
 .text.h2       0x0000000008004490        0x8 build/obj/testevt.o
 *fill*         0x0000000008004498        0x8 
 .text.h1       0x00000000080044a0        0x8 build/obj/testevt.o
 *fill*         0x00000000080044a8        0x8 
 .text.evt1_setup
                0x00000000080044b0        0x8 build/obj/testevt.o
 *fill*         0x00000000080044b8        0x8 
 .text.evt2_setup
                0x00000000080044c0        0x8 build/obj/testevt.o
 *fill*         0x00000000080044c8        0x8 
 .text.evt3_setup
                0x00000000080044d0        0x8 build/obj/testevt.o
 *fill*         0x00000000080044d8        0x8 
 .text.evt2_execute
                0x00000000080044e0      0x280 build/obj/testevt.o
 .text.thread2  0x0000000008004760       0x28 build/obj/testevt.o
 *fill*         0x0000000008004788        0x8 
 .text.thread1  0x0000000008004790       0x18 build/obj/testevt.o
 *fill*         0x00000000080047a8        0x8 
 .text.evt3_execute
                0x00000000080047b0       0xac build/obj/testevt.o
 *fill*         0x000000000800485c        0x4 
 .text.heap1_execute
                0x0000000008004860      0x2d4 build/obj/testheap.o
 *fill*         0x0000000008004b34        0xc 
 .text.heap1_setup
                0x0000000008004b40       0x18 build/obj/testheap.o
 *fill*         0x0000000008004b58        0x8 
 .text.null_provider
                0x0000000008004b60        0x4 build/obj/testpools.o
 *fill*         0x0000000008004b64        0xc 
 .text.pools1_setup
                0x0000000008004b70       0x14 build/obj/testpools.o
 *fill*         0x0000000008004b84        0xc 
 .text.pools1_execute
                0x0000000008004b90      0x100 build/obj/testpools.o
 .text.dyn1_execute
                0x0000000008004c90      0x130 build/obj/testdyn.o
 .text.thread   0x0000000008004dc0        0xc build/obj/testdyn.o
 *fill*         0x0000000008004dcc        0x4 
 .text.dyn1_setup
                0x0000000008004dd0       0x18 build/obj/testdyn.o
 *fill*         0x0000000008004de8        0x8 
 .text.dyn3_setup
                0x0000000008004df0       0x18 build/obj/testdyn.o
 *fill*         0x0000000008004e08        0x8 
 .text.dyn2_execute
                0x0000000008004e10      0x14c build/obj/testdyn.o
 *fill*         0x0000000008004f5c        0x4 
 .text.dyn2_setup
                0x0000000008004f60       0x14 build/obj/testdyn.o
 *fill*         0x0000000008004f74        0xc 
 .text.regfind  0x0000000008004f80       0x24 build/obj/testdyn.o
 *fill*         0x0000000008004fa4        0xc 
 .text.dyn3_execute
                0x0000000008004fb0      0x140 build/obj/testdyn.o
 .text.notify   0x00000000080050f0        0x4 build/obj/testqueues.o
 *fill*         0x00000000080050f4        0xc 
 .text.thread1  0x0000000008005100       0x14 build/obj/testqueues.o
 *fill*         0x0000000008005114        0xc 
 .text.queues1_setup
                0x0000000008005120       0x30 build/obj/testqueues.o
 .text.thread2  0x0000000008005150       0x18 build/obj/testqueues.o
 *fill*         0x0000000008005168        0x8 
 .text.queues2_setup
                0x0000000008005170       0x30 build/obj/testqueues.o
 .text.queues1_execute
                0x00000000080051a0      0x2c0 build/obj/testqueues.o
 .text.queues2_execute
                0x0000000008005460      0x290 build/obj/testqueues.o
 .text.thread2  0x00000000080056f0        0x4 build/obj/testbmk.o
 *fill*         0x00000000080056f4        0xc 
 .text.tmo      0x0000000008005700        0x4 build/obj/testbmk.o
 *fill*         0x0000000008005704        0xc 
 .text.bmk13_execute
                0x0000000008005710      0x100 build/obj/testbmk.o
 .text.thread1  0x0000000008005810       0x18 build/obj/testbmk.o
 *fill*         0x0000000008005828        0x8 
 .text.bmk6_execute
                0x0000000008005830       0x7c build/obj/testbmk.o
 *fill*         0x00000000080058ac        0x4 
 .text.msg_loop_test
                0x00000000080058b0       0x38 build/obj/testbmk.o
 *fill*         0x00000000080058e8        0x8 
 .text.bmk1_execute
                0x00000000080058f0       0x7c build/obj/testbmk.o
 *fill*         0x000000000800596c        0x4 
 .text.bmk2_execute
                0x0000000008005970       0x7c build/obj/testbmk.o
 *fill*         0x00000000080059ec        0x4 
 .text.bmk3_execute
                0x00000000080059f0       0xf4 build/obj/testbmk.o
 *fill*         0x0000000008005ae4        0xc 
 .text.thread4  0x0000000008005af0       0x28 build/obj/testbmk.o
                0x0000000008005af0                thread4
 *fill*         0x0000000008005b18        0x8 
 .text.bmk4_execute
                0x0000000008005b20       0xc4 build/obj/testbmk.o
 *fill*         0x0000000008005be4        0xc 
 .text.bmk5_execute
                0x0000000008005bf0       0x80 build/obj/testbmk.o
 .text.bmk7_execute
                0x0000000008005c70      0x12c build/obj/testbmk.o
 *fill*         0x0000000008005d9c        0x4 
 .text.thread3  0x0000000008005da0       0x2c build/obj/testbmk.o
 *fill*         0x0000000008005dcc        0x4 
 .text.bmk7_setup
                0x0000000008005dd0       0x10 build/obj/testbmk.o
 .text.bmk11_setup
                0x0000000008005de0       0x10 build/obj/testbmk.o
 .text.bmk8_execute
                0x0000000008005df0       0xe8 build/obj/testbmk.o
 *fill*         0x0000000008005ed8        0x8 
 .text.thread8  0x0000000008005ee0       0x30 build/obj/testbmk.o
 .text.bmk9_execute
                0x0000000008005f10       0xe4 build/obj/testbmk.o
 *fill*         0x0000000008005ff4        0xc 
 .text.bmk10_execute
                0x0000000008006000       0x98 build/obj/testbmk.o
 *fill*         0x0000000008006098        0x8 
 .text.bmk11_execute
                0x00000000080060a0       0xa4 build/obj/testbmk.o
 *fill*         0x0000000008006144        0xc 
 .text.bmk12_execute
                0x0000000008006150       0x84 build/obj/testbmk.o
 *fill*         0x00000000080061d4        0xc 
 .text.bmk12_setup
                0x00000000080061e0        0xc build/obj/testbmk.o
 *fill*         0x00000000080061ec        0x4 
 .text.halInit  0x00000000080061f0       0x30 build/obj/hal.o
                0x00000000080061f0                halInit
 .text.adcInit  0x0000000008006220        0x4 build/obj/adc.o
                0x0000000008006220                adcInit
 *fill*         0x0000000008006224        0xc 
 .text.adcObjectInit
                0x0000000008006230       0x18 build/obj/adc.o
                0x0000000008006230                adcObjectInit
 *fill*         0x0000000008006248        0x8 
 .text.adcStart
                0x0000000008006250       0x1c build/obj/adc.o
                0x0000000008006250                adcStart
 *fill*         0x000000000800626c        0x4 
 .text.adcStartConversionI
                0x0000000008006270       0x14 build/obj/adc.o
                0x0000000008006270                adcStartConversionI
 *fill*         0x0000000008006284        0xc 
 .text.pwmInit  0x0000000008006290        0x4 build/obj/pwm.o
                0x0000000008006290                pwmInit
 *fill*         0x0000000008006294        0xc 
 .text.pwmObjectInit
                0x00000000080062a0        0xc build/obj/pwm.o
                0x00000000080062a0                pwmObjectInit
 *fill*         0x00000000080062ac        0x4 
 .text.pwmStart
                0x00000000080062b0       0x20 build/obj/pwm.o
                0x00000000080062b0                pwmStart
 .text.readt    0x00000000080062d0        0x8 build/obj/serial.o
 *fill*         0x00000000080062d8        0x8 
 .text.read     0x00000000080062e0        0xc build/obj/serial.o
 *fill*         0x00000000080062ec        0x4 
 .text.writet   0x00000000080062f0        0x8 build/obj/serial.o
 *fill*         0x00000000080062f8        0x8 
 .text.write    0x0000000008006300        0xc build/obj/serial.o
 *fill*         0x000000000800630c        0x4 
 .text.gett     0x0000000008006310        0x8 build/obj/serial.o
 *fill*         0x0000000008006318        0x8 
 .text.get      0x0000000008006320        0xc build/obj/serial.o
 *fill*         0x000000000800632c        0x4 
 .text.putt     0x0000000008006330        0x8 build/obj/serial.o
 *fill*         0x0000000008006338        0x8 
 .text.put      0x0000000008006340        0xc build/obj/serial.o
 *fill*         0x000000000800634c        0x4 
 .text.sdInit   0x0000000008006350        0x4 build/obj/serial.o
                0x0000000008006350                sdInit
 *fill*         0x0000000008006354        0xc 
 .text.sdObjectInit
                0x0000000008006360       0x44 build/obj/serial.o
                0x0000000008006360                sdObjectInit
 *fill*         0x00000000080063a4        0xc 
 .text.sdStart  0x00000000080063b0       0x1c build/obj/serial.o
                0x00000000080063b0                sdStart
 *fill*         0x00000000080063cc        0x4 
 .text.sdIncomingDataI
                0x00000000080063d0       0x3c build/obj/serial.o
                0x00000000080063d0                sdIncomingDataI
 *fill*         0x000000000800640c        0x4 
 .text.spiInit  0x0000000008006410        0x4 build/obj/spi.o
                0x0000000008006410                spiInit
 *fill*         0x0000000008006414        0xc 
 .text.spiObjectInit
                0x0000000008006420       0x10 build/obj/spi.o
                0x0000000008006420                spiObjectInit
 .text.spiStart
                0x0000000008006430       0x1c build/obj/spi.o
                0x0000000008006430                spiStart
 *fill*         0x000000000800644c        0x4 
 .text.tm_start
                0x0000000008006450       0x10 build/obj/tm.o
 .text.tm_stop  0x0000000008006460       0x38 build/obj/tm.o
 *fill*         0x0000000008006498        0x8 
 .text.tmInit   0x00000000080064a0       0x48 build/obj/tm.o
                0x00000000080064a0                tmInit
 *fill*         0x00000000080064e8        0x8 
 .text.Vector6C
                0x00000000080064f0       0x2c build/obj/stm32_dma.o
                0x00000000080064f0                Vector6C
 *fill*         0x000000000800651c        0x4 
 .text.Vector70
                0x0000000008006520       0x2c build/obj/stm32_dma.o
                0x0000000008006520                Vector70
 *fill*         0x000000000800654c        0x4 
 .text.Vector74
                0x0000000008006550       0x2c build/obj/stm32_dma.o
                0x0000000008006550                Vector74
 *fill*         0x000000000800657c        0x4 
 .text.Vector78
                0x0000000008006580       0x2c build/obj/stm32_dma.o
                0x0000000008006580                Vector78
 *fill*         0x00000000080065ac        0x4 
 .text.Vector7C
                0x00000000080065b0       0x2c build/obj/stm32_dma.o
                0x00000000080065b0                Vector7C
 *fill*         0x00000000080065dc        0x4 
 .text.Vector80
                0x00000000080065e0       0x2c build/obj/stm32_dma.o
                0x00000000080065e0                Vector80
 *fill*         0x000000000800660c        0x4 
 .text.Vector84
                0x0000000008006610       0x2c build/obj/stm32_dma.o
                0x0000000008006610                Vector84
 *fill*         0x000000000800663c        0x4 
 .text.dmaInit  0x0000000008006640       0x44 build/obj/stm32_dma.o
                0x0000000008006640                dmaInit
 *fill*         0x0000000008006684        0xc 
 .text.dmaStreamAllocate
                0x0000000008006690       0x80 build/obj/stm32_dma.o
                0x0000000008006690                dmaStreamAllocate
 .text.hal_lld_init
                0x0000000008006710       0xd0 build/obj/hal_lld.o
                0x0000000008006710                hal_lld_init
 .text.stm32_clock_init
                0x00000000080067e0      0x140 build/obj/hal_lld.o
                0x00000000080067e0                stm32_clock_init
 .text.adc_lld_serve_rx_interrupt
                0x0000000008006920      0x10c build/obj/adc_lld.o
 *fill*         0x0000000008006a2c        0x4 
 .text.Vector88
                0x0000000008006a30       0x90 build/obj/adc_lld.o
                0x0000000008006a30                Vector88
 .text.adc_lld_init
                0x0000000008006ac0       0x38 build/obj/adc_lld.o
                0x0000000008006ac0                adc_lld_init
 *fill*         0x0000000008006af8        0x8 
 .text.adc_lld_start
                0x0000000008006b00       0x58 build/obj/adc_lld.o
                0x0000000008006b00                adc_lld_start
 *fill*         0x0000000008006b58        0x8 
 .text.adc_lld_start_conversion
                0x0000000008006b60       0x98 build/obj/adc_lld.o
                0x0000000008006b60                adc_lld_start_conversion
 *fill*         0x0000000008006bf8        0x8 
 .text.adcSTM32EnableTSVREFE
                0x0000000008006c00       0x14 build/obj/adc_lld.o
                0x0000000008006c00                adcSTM32EnableTSVREFE
 *fill*         0x0000000008006c14        0xc 
 .text._pal_lld_init
                0x0000000008006c20      0x110 build/obj/pal_lld.o
                0x0000000008006c20                _pal_lld_init
 .text._pal_lld_setgroupmode
                0x0000000008006d30       0xc0 build/obj/pal_lld.o
                0x0000000008006d30                _pal_lld_setgroupmode
 .text.spi_lld_serve_tx_interrupt
                0x0000000008006df0        0xc build/obj/spi_lld.o
 *fill*         0x0000000008006dfc        0x4 
 .text.spi_lld_serve_rx_interrupt
                0x0000000008006e00       0x74 build/obj/spi_lld.o
 *fill*         0x0000000008006e74        0xc 
 .text.spi_lld_init
                0x0000000008006e80       0x44 build/obj/spi_lld.o
                0x0000000008006e80                spi_lld_init
 *fill*         0x0000000008006ec4        0xc 
 .text.spi_lld_start
                0x0000000008006ed0       0xa0 build/obj/spi_lld.o
                0x0000000008006ed0                spi_lld_start
 .text.spi_lld_select
                0x0000000008006f70       0x14 build/obj/spi_lld.o
                0x0000000008006f70                spi_lld_select
 *fill*         0x0000000008006f84        0xc 
 .text.spi_lld_unselect
                0x0000000008006f90       0x14 build/obj/spi_lld.o
                0x0000000008006f90                spi_lld_unselect
 *fill*         0x0000000008006fa4        0xc 
 .text.spi_lld_send
                0x0000000008006fb0       0x3c build/obj/spi_lld.o
                0x0000000008006fb0                spi_lld_send
 *fill*         0x0000000008006fec        0x4 
 .text.VectorB8
                0x0000000008006ff0       0x80 build/obj/pwm_lld.o
                0x0000000008006ff0                VectorB8
 .text.pwm_lld_init
                0x0000000008007070       0x1c build/obj/pwm_lld.o
                0x0000000008007070                pwm_lld_init
 *fill*         0x000000000800708c        0x4 
 .text.pwm_lld_start
                0x0000000008007090      0x104 build/obj/pwm_lld.o
                0x0000000008007090                pwm_lld_start
 *fill*         0x0000000008007194        0xc 
 .text.pwm_lld_enable_channel
                0x00000000080071a0       0x34 build/obj/pwm_lld.o
                0x00000000080071a0                pwm_lld_enable_channel
 *fill*         0x00000000080071d4        0xc 
 .text.notify1  0x00000000080071e0       0x14 build/obj/serial_lld.o
 *fill*         0x00000000080071f4        0xc 
 .text.VectorD4
                0x0000000008007200      0x100 build/obj/serial_lld.o
                0x0000000008007200                VectorD4
 .text.sd_lld_init
                0x0000000008007300       0x28 build/obj/serial_lld.o
                0x0000000008007300                sd_lld_init
 *fill*         0x0000000008007328        0x8 
 .text.sd_lld_start
                0x0000000008007330       0x80 build/obj/serial_lld.o
                0x0000000008007330                sd_lld_start
 .text.__early_init
                0x00000000080073b0        0x4 build/obj/board.o
                0x00000000080073b0                __early_init
 *fill*         0x00000000080073b4        0xc 
 .text.boardInit
                0x00000000080073c0        0x4 build/obj/board.o
                0x00000000080073c0                boardInit
 *fill*         0x00000000080073c4        0xc 
 .text.Thread1  0x00000000080073d0       0x30 build/obj/main.o
 .text.pwmpcb   0x0000000008007400       0x30 build/obj/main.o
 .text.spicb    0x0000000008007430       0x14 build/obj/main.o
 *fill*         0x0000000008007444        0xc 
 .text.adccb    0x0000000008007450       0x90 build/obj/main.o
 *(.rodata)
 *(.rodata.*)
 .rodata.str1.4
                0x00000000080074e0        0x5 build/obj/chsys.o
                                          0x8 (size before relaxing)
 *fill*         0x00000000080074e5        0xb 
 .rodata.ch_debug
                0x00000000080074f0       0x18 build/obj/chregistry.o
                0x00000000080074f0                ch_debug
 *fill*         0x0000000008007508        0x8 
 .rodata.wa     0x0000000008007510       0x14 build/obj/test.o
                0x0000000008007510                wa
 *fill*         0x0000000008007524        0xc 
 .rodata.str1.4
                0x0000000008007530      0x1bf build/obj/test.o
                                        0x1cc (size before relaxing)
 *fill*         0x00000000080076ef        0x1 
 .rodata.patterns
                0x00000000080076f0       0x30 build/obj/test.o
 .rodata.testthd1
                0x0000000008007720       0x10 build/obj/testthd.o
                0x0000000008007720                testthd1
 .rodata.testthd2
                0x0000000008007730       0x10 build/obj/testthd.o
                0x0000000008007730                testthd2
 .rodata.testthd3
                0x0000000008007740       0x10 build/obj/testthd.o
                0x0000000008007740                testthd3
 .rodata.testthd4
                0x0000000008007750       0x10 build/obj/testthd.o
                0x0000000008007750                testthd4
 .rodata.patternthd
                0x0000000008007760       0x14 build/obj/testthd.o
                0x0000000008007760                patternthd
 *fill*         0x0000000008007774        0xc 
 .rodata.str1.4
                0x0000000008007780       0x7b build/obj/testthd.o
                                         0x80 (size before relaxing)
 *fill*         0x00000000080077fb        0x5 
 .rodata.testsem1
                0x0000000008007800       0x10 build/obj/testsem.o
                0x0000000008007800                testsem1
 .rodata.testsem2
                0x0000000008007810       0x10 build/obj/testsem.o
                0x0000000008007810                testsem2
 .rodata.testsem3
                0x0000000008007820       0x10 build/obj/testsem.o
                0x0000000008007820                testsem3
 .rodata.testsem4
                0x0000000008007830       0x10 build/obj/testsem.o
                0x0000000008007830                testsem4
 .rodata.patternsem
                0x0000000008007840       0x14 build/obj/testsem.o
                0x0000000008007840                patternsem
 *fill*         0x0000000008007854        0xc 
 .rodata.str1.4
                0x0000000008007860       0x6e build/obj/testsem.o
                                         0x8c (size before relaxing)
 *fill*         0x00000000080078ce        0x2 
 .rodata.testmtx5
                0x00000000080078d0       0x10 build/obj/testmtx.o
                0x00000000080078d0                testmtx5
 .rodata.testmtx6
                0x00000000080078e0       0x10 build/obj/testmtx.o
                0x00000000080078e0                testmtx6
 .rodata.testmtx7
                0x00000000080078f0       0x10 build/obj/testmtx.o
                0x00000000080078f0                testmtx7
 .rodata.testmtx8
                0x0000000008007900       0x10 build/obj/testmtx.o
                0x0000000008007900                testmtx8
 .rodata.str1.4
                0x0000000008007910       0xed build/obj/testmtx.o
                                        0x10c (size before relaxing)
 *fill*         0x00000000080079fd        0x3 
 .rodata.patternmtx
                0x0000000008007a00       0x24 build/obj/testmtx.o
                0x0000000008007a00                patternmtx
 *fill*         0x0000000008007a24        0xc 
 .rodata.testmtx1
                0x0000000008007a30       0x10 build/obj/testmtx.o
                0x0000000008007a30                testmtx1
 .rodata.testmtx2
                0x0000000008007a40       0x10 build/obj/testmtx.o
                0x0000000008007a40                testmtx2
 .rodata.testmtx3
                0x0000000008007a50       0x10 build/obj/testmtx.o
                0x0000000008007a50                testmtx3
 .rodata.testmtx4
                0x0000000008007a60       0x10 build/obj/testmtx.o
                0x0000000008007a60                testmtx4
 .rodata.testmsg1
                0x0000000008007a70       0x10 build/obj/testmsg.o
                0x0000000008007a70                testmsg1
 .rodata.str1.4
                0x0000000008007a80        0xf build/obj/testmsg.o
                                         0x14 (size before relaxing)
 *fill*         0x0000000008007a8f        0x1 
 .rodata.patternmsg
                0x0000000008007a90        0x8 build/obj/testmsg.o
                0x0000000008007a90                patternmsg
 *fill*         0x0000000008007a98        0x8 
 .rodata.patternmbox
                0x0000000008007aa0        0x8 build/obj/testmbox.o
                0x0000000008007aa0                patternmbox
 *fill*         0x0000000008007aa8        0x8 
 .rodata.str1.4
                0x0000000008007ab0       0x20 build/obj/testmbox.o
                                         0x28 (size before relaxing)
 .rodata.testmbox1
                0x0000000008007ad0       0x10 build/obj/testmbox.o
                0x0000000008007ad0                testmbox1
 .rodata.patternevt
                0x0000000008007ae0       0x10 build/obj/testevt.o
                0x0000000008007ae0                patternevt
 .rodata.testevt2
                0x0000000008007af0       0x10 build/obj/testevt.o
                0x0000000008007af0                testevt2
 .rodata.str1.4
                0x0000000008007b00       0x52 build/obj/testevt.o
                                         0x5c (size before relaxing)
 *fill*         0x0000000008007b52        0xe 
 .rodata.testevt1
                0x0000000008007b60       0x10 build/obj/testevt.o
                0x0000000008007b60                testevt1
 .rodata.evhndl
                0x0000000008007b70        0xc build/obj/testevt.o
 *fill*         0x0000000008007b7c        0x4 
 .rodata.testevt3
                0x0000000008007b80       0x10 build/obj/testevt.o
                0x0000000008007b80                testevt3
 .rodata.patternheap
                0x0000000008007b90        0x8 build/obj/testheap.o
                0x0000000008007b90                patternheap
 *fill*         0x0000000008007b98        0x8 
 .rodata.str1.4
                0x0000000008007ba0       0x28 build/obj/testheap.o
 *fill*         0x0000000008007bc8        0x8 
 .rodata.testheap1
                0x0000000008007bd0       0x10 build/obj/testheap.o
                0x0000000008007bd0                testheap1
 .rodata.str1.4
                0x0000000008007be0       0x1c build/obj/testpools.o
 *fill*         0x0000000008007bfc        0x4 
 .rodata.patternpools
                0x0000000008007c00        0x8 build/obj/testpools.o
                0x0000000008007c00                patternpools
 *fill*         0x0000000008007c08        0x8 
 .rodata.testpools1
                0x0000000008007c10       0x10 build/obj/testpools.o
                0x0000000008007c10                testpools1
 .rodata.testdyn1
                0x0000000008007c20       0x10 build/obj/testdyn.o
                0x0000000008007c20                testdyn1
 .rodata.testdyn2
                0x0000000008007c30       0x10 build/obj/testdyn.o
                0x0000000008007c30                testdyn2
 .rodata.testdyn3
                0x0000000008007c40       0x10 build/obj/testdyn.o
                0x0000000008007c40                testdyn3
 .rodata.str1.4
                0x0000000008007c50       0x8d build/obj/testdyn.o
                                         0xa4 (size before relaxing)
 *fill*         0x0000000008007cdd        0x3 
 .rodata.patterndyn
                0x0000000008007ce0       0x10 build/obj/testdyn.o
                0x0000000008007ce0                patterndyn
 .rodata.testqueues1
                0x0000000008007cf0       0x10 build/obj/testqueues.o
                0x0000000008007cf0                testqueues1
 .rodata.testqueues2
                0x0000000008007d00       0x10 build/obj/testqueues.o
                0x0000000008007d00                testqueues2
 .rodata.str1.4
                0x0000000008007d10       0x2d build/obj/testqueues.o
                                         0x38 (size before relaxing)
 *fill*         0x0000000008007d3d        0x3 
 .rodata.patternqueues
                0x0000000008007d40        0xc build/obj/testqueues.o
                0x0000000008007d40                patternqueues
 *fill*         0x0000000008007d4c        0x4 
 .rodata.testbmk8
                0x0000000008007d50       0x10 build/obj/testbmk.o
                0x0000000008007d50                testbmk8
 .rodata.testbmk2
                0x0000000008007d60       0x10 build/obj/testbmk.o
                0x0000000008007d60                testbmk2
 .rodata.testbmk10
                0x0000000008007d70       0x10 build/obj/testbmk.o
                0x0000000008007d70                testbmk10
 .rodata.testbmk4
                0x0000000008007d80       0x10 build/obj/testbmk.o
                0x0000000008007d80                testbmk4
 .rodata.testbmk3
                0x0000000008007d90       0x10 build/obj/testbmk.o
                0x0000000008007d90                testbmk3
 .rodata.testbmk13
                0x0000000008007da0       0x10 build/obj/testbmk.o
                0x0000000008007da0                testbmk13
 .rodata.str1.4
                0x0000000008007db0      0x2c7 build/obj/testbmk.o
                                        0x2c8 (size before relaxing)
 *fill*         0x0000000008008077        0x9 
 .rodata.testbmk9
                0x0000000008008080       0x10 build/obj/testbmk.o
                0x0000000008008080                testbmk9
 .rodata.testbmk1
                0x0000000008008090       0x10 build/obj/testbmk.o
                0x0000000008008090                testbmk1
 .rodata.testbmk11
                0x00000000080080a0       0x10 build/obj/testbmk.o
                0x00000000080080a0                testbmk11
 .rodata.testbmk12
                0x00000000080080b0       0x10 build/obj/testbmk.o
                0x00000000080080b0                testbmk12
 .rodata.patternbmk
                0x00000000080080c0       0x38 build/obj/testbmk.o
                0x00000000080080c0                patternbmk
 *fill*         0x00000000080080f8        0x8 
 .rodata.testbmk5
                0x0000000008008100       0x10 build/obj/testbmk.o
                0x0000000008008100                testbmk5
 .rodata.testbmk6
                0x0000000008008110       0x10 build/obj/testbmk.o
                0x0000000008008110                testbmk6
 .rodata.testbmk7
                0x0000000008008120       0x10 build/obj/testbmk.o
                0x0000000008008120                testbmk7
 .rodata.vmt    0x0000000008008130       0x20 build/obj/serial.o
 .rodata._stm32_dma_streams
                0x0000000008008150       0x54 build/obj/stm32_dma.o
                0x0000000008008150                _stm32_dma_streams
 *fill*         0x00000000080081a4        0xc 
 .rodata.default_config
                0x00000000080081b0        0xc build/obj/serial_lld.o
 *fill*         0x00000000080081bc        0x4 
 .rodata.pal_default_config
                0x00000000080081c0       0xa8 build/obj/board.o
                0x00000000080081c0                pal_default_config
 *fill*         0x0000000008008268        0x8 
 .rodata.str1.4
                0x0000000008008270        0x8 build/obj/main.o
 *fill*         0x0000000008008278        0x8 
 .rodata.spicfg
                0x0000000008008280        0xc build/obj/main.o
 *fill*         0x000000000800828c        0x4 
 .rodata.adcgrpcfg
                0x0000000008008290       0x34 build/obj/main.o
 *(.glue_7t)
 .glue_7t       0x0000000000000000        0x0 linker stubs
 *(.glue_7)
 .glue_7        0x0000000000000000        0x0 linker stubs
 *(.gcc*)

.vfp11_veneer   0x00000000080082c4        0x0
 .vfp11_veneer  0x0000000000000000        0x0 linker stubs

.v4_bx          0x00000000080082c4        0x0
 .v4_bx         0x0000000000000000        0x0 linker stubs

.iplt           0x00000000080082c4        0x0
 .iplt          0x0000000000000000        0x0 build/obj/crt0.o

.rel.dyn        0x00000000080082c4        0x0
 .rel.iplt      0x0000000000000000        0x0 build/obj/crt0.o

.ARM.extab
 *(.ARM.extab* .gnu.linkonce.armextab.*)

.ARM.exidx      0x00000000080082c4        0x0
                0x00000000080082c4                PROVIDE (__exidx_start, .)
 *(.ARM.exidx* .gnu.linkonce.armexidx.*)
                0x00000000080082c4                PROVIDE (__exidx_end, .)

.eh_frame_hdr
 *(.eh_frame_hdr)

.eh_frame
 *(.eh_frame)

.textalign      0x00000000080082c4        0x4
                0x00000000080082c8                . = ALIGN (0x8)
 *fill*         0x00000000080082c4        0x4 
                0x00000000080082c8                . = ALIGN (0x4)
                0x00000000080082c8                _etext = .
                0x00000000080082c8                _textdata = _etext

.stacks         0x0000000020000000      0x800
                0x0000000020000000                . = ALIGN (0x8)
                0x0000000020000000                __main_stack_base__ = .
                0x0000000020000400                . = (. + __main_stack_size__)
 *fill*         0x0000000020000000      0x400 
                0x0000000020000400                . = ALIGN (0x8)
                0x0000000020000400                __main_stack_end__ = .
                0x0000000020000400                __process_stack_base__ = .
                0x0000000020000400                __main_thread_stack_base__ = .
                0x0000000020000800                . = (. + __process_stack_size__)
 *fill*         0x0000000020000400      0x400 
                0x0000000020000800                . = ALIGN (0x8)
                0x0000000020000800                __process_stack_end__ = .
                0x0000000020000800                __main_thread_stack_end__ = .

.data           0x0000000020000800       0xec load address 0x00000000080082c8
                0x0000000020000800                . = ALIGN (0x4)
                0x0000000020000800                PROVIDE (_data, .)
 *(.data)
                0x0000000020000800                . = ALIGN (0x4)
 *(.data.*)
 .data.sem1     0x0000000020000800        0xc build/obj/testsem.o
 .data.m1       0x000000002000080c       0x10 build/obj/testmtx.o
 .data.m2       0x000000002000081c       0x10 build/obj/testmtx.o
 .data.c1       0x000000002000082c        0x8 build/obj/testmtx.o
 .data.mb1      0x0000000020000834       0x28 build/obj/testmbox.o
 .data.es1      0x000000002000085c        0x4 build/obj/testevt.o
 .data.es2      0x0000000020000860        0x4 build/obj/testevt.o
 .data.mp1      0x0000000020000864        0xc build/obj/testpools.o
 .data.oq       0x0000000020000870       0x24 build/obj/testqueues.o
 .data.iq       0x0000000020000894       0x24 build/obj/testqueues.o
 .data.pwmcfg   0x00000000200008b8       0x34 build/obj/main.o
                0x00000000200008ec                . = ALIGN (0x4)
 *(.ramtext)
                0x00000000200008ec                . = ALIGN (0x4)
                0x00000000200008ec                PROVIDE (_edata, .)

.igot.plt       0x00000000200008ec        0x0 load address 0x00000000080083b4
 .igot.plt      0x0000000000000000        0x0 build/obj/crt0.o

.bss            0x00000000200008f0      0xbc4 load address 0x00000000080083b4
                0x00000000200008f0                . = ALIGN (0x4)
                0x00000000200008f0                PROVIDE (_bss_start, .)
 *(.bss)
                0x00000000200008f0                . = ALIGN (0x4)
 *(.bss.*)
 .bss.mainthread.4794
                0x00000000200008f0       0x48 build/obj/chsys.o
 .bss._idle_thread_wa
                0x0000000020000938       0xe0 build/obj/chsys.o
                0x0000000020000938                _idle_thread_wa
 .bss.vtlist    0x0000000020000a18       0x10 build/obj/chvt.o
                0x0000000020000a18                vtlist
 .bss.rlist     0x0000000020000a28       0x1c build/obj/chschd.o
                0x0000000020000a28                rlist
 .bss.endmem    0x0000000020000a44        0x4 build/obj/chmemcore.o
 .bss.nextmem   0x0000000020000a48        0x4 build/obj/chmemcore.o
 *fill*         0x0000000020000a4c        0x4 
 .bss.default_heap
                0x0000000020000a50       0x20 build/obj/chheap.o
 .bss.test      0x0000000020000a70      0x690 build/obj/test.o
                0x0000000020000a70                test
 .bss.failpoint
                0x0000000020001100        0x4 build/obj/test.o
 .bss.local_fail
                0x0000000020001104        0x1 build/obj/test.o
 .bss.test_timer_done
                0x0000000020001105        0x1 build/obj/test.o
                0x0000000020001105                test_timer_done
 *fill*         0x0000000020001106        0x2 
 .bss.tokp      0x0000000020001108        0x4 build/obj/test.o
 .bss.global_fail
                0x000000002000110c        0x1 build/obj/test.o
 *fill*         0x000000002000110d        0x3 
 .bss.vt        0x0000000020001110       0x14 build/obj/test.o
 .bss.threads   0x0000000020001124       0x14 build/obj/test.o
                0x0000000020001124                threads
 .bss.chp       0x0000000020001138        0x4 build/obj/test.o
 .bss.tokens_buffer
                0x000000002000113c       0x10 build/obj/test.o
 *fill*         0x000000002000114c        0x4 
 .bss.test_heap
                0x0000000020001150       0x20 build/obj/testheap.o
 .bss.mp1       0x0000000020001170        0xc build/obj/testdyn.o
 *fill*         0x000000002000117c        0x4 
 .bss.heap1     0x0000000020001180       0x20 build/obj/testdyn.o
 .bss.ib.4941   0x00000000200011a0       0x10 build/obj/testbmk.o
 .bss.vt2.4955  0x00000000200011b0       0x14 build/obj/testbmk.o
 .bss.vt1.4954  0x00000000200011c4       0x14 build/obj/testbmk.o
 .bss.mtx1      0x00000000200011d8       0x10 build/obj/testbmk.o
 .bss.iq.4942   0x00000000200011e8       0x24 build/obj/testbmk.o
 .bss.sem1      0x000000002000120c        0xc build/obj/testbmk.o
 .bss.measurement_offset
                0x0000000020001218        0x4 build/obj/tm.o
 .bss.dma_isr_redir
                0x000000002000121c       0x38 build/obj/stm32_dma.o
 .bss.dma_streams_mask
                0x0000000020001254        0x4 build/obj/stm32_dma.o
 .bss.ADCD1     0x0000000020001258       0x34 build/obj/adc_lld.o
                0x0000000020001258                ADCD1
 .bss.dummytx   0x000000002000128c        0x2 build/obj/spi_lld.o
 *fill*         0x000000002000128e        0x2 
 .bss.SPID2     0x0000000020001290       0x30 build/obj/spi_lld.o
                0x0000000020001290                SPID2
 .bss.dummyrx   0x00000000200012c0        0x2 build/obj/spi_lld.o
 *fill*         0x00000000200012c2        0x2 
 .bss.PWMD4     0x00000000200012c4       0x14 build/obj/pwm_lld.o
                0x00000000200012c4                PWMD4
 .bss.SD1       0x00000000200012d8       0x78 build/obj/serial_lld.o
                0x00000000200012d8                SD1
 .bss.waThread1
                0x0000000020001350      0x150 build/obj/main.o
 .bss.seconds_counter.6284
                0x00000000200014a0        0x4 build/obj/main.o
 .bss.samples   0x00000000200014a4       0x10 build/obj/main.o
                0x00000000200014b4                . = ALIGN (0x4)
 *(COMMON)
                0x00000000200014b4                . = ALIGN (0x4)
                0x00000000200014b4                PROVIDE (_bss_end, .)
                0x00000000200014b4                PROVIDE (end, .)
                0x00000000200014b4                _end = .
                0x00000000200014b4                __heap_base__ = _end
                0x0000000020004000                __heap_end__ = __ram_end__
START GROUP
LOAD /usr/lib/gcc/arm-none-eabi/4.8.2/armv7-m/libgcc.a
LOAD /usr/lib/gcc/arm-none-eabi/4.8.2/../../../arm-none-eabi/lib/armv7-m/libg.a
LOAD /usr/lib/gcc/arm-none-eabi/4.8.2/../../../arm-none-eabi/lib/armv7-m/libc.a
END GROUP
OUTPUT(build/ch.elf elf32-littlearm)

.debug_info     0x0000000000000000    0x1fa82
 .debug_info    0x0000000000000000      0x2bf build/obj/crt0.o
 .debug_info    0x00000000000002bf      0x1cc build/obj/vectors.o
 .debug_info    0x000000000000048b       0x92 build/obj/chcore.o
 .debug_info    0x000000000000051d      0x7f4 build/obj/chcore_v7m.o
 .debug_info    0x0000000000000d11      0x406 build/obj/nvic.o
 .debug_info    0x0000000000001117      0x827 build/obj/chsys.o
 .debug_info    0x000000000000193e      0x203 build/obj/chvt.o
 .debug_info    0x0000000000001b41      0x974 build/obj/chschd.o
 .debug_info    0x00000000000024b5      0xbe2 build/obj/chthreads.o
 .debug_info    0x0000000000003097      0x88c build/obj/chdynamic.o
 .debug_info    0x0000000000003923      0x623 build/obj/chregistry.o
 .debug_info    0x0000000000003f46      0xab0 build/obj/chsem.o
 .debug_info    0x00000000000049f6      0x9d2 build/obj/chmtx.o
 .debug_info    0x00000000000053c8      0x96f build/obj/chcond.o
 .debug_info    0x0000000000005d37      0xd75 build/obj/chevents.o
 .debug_info    0x0000000000006aac      0x665 build/obj/chmsg.o
 .debug_info    0x0000000000007111      0xa48 build/obj/chmboxes.o
 .debug_info    0x0000000000007b59      0xbc3 build/obj/chqueues.o
 .debug_info    0x000000000000871c      0x21f build/obj/chmemcore.o
 .debug_info    0x000000000000893b      0x6fa build/obj/chheap.o
 .debug_info    0x0000000000009035      0x408 build/obj/chmempools.o
 .debug_info    0x000000000000943d     0x1288 build/obj/test.o
 .debug_info    0x000000000000a6c5      0xc82 build/obj/testthd.o
 .debug_info    0x000000000000b347     0x108f build/obj/testsem.o
 .debug_info    0x000000000000c3d6     0x1cf5 build/obj/testmtx.o
 .debug_info    0x000000000000e0cb      0x703 build/obj/testmsg.o
 .debug_info    0x000000000000e7ce     0x129f build/obj/testmbox.o
 .debug_info    0x000000000000fa6d     0x10af build/obj/testevt.o
 .debug_info    0x0000000000010b1c      0xc00 build/obj/testheap.o
 .debug_info    0x000000000001171c      0x42c build/obj/testpools.o
 .debug_info    0x0000000000011b48      0xf6c build/obj/testdyn.o
 .debug_info    0x0000000000012ab4     0x16c5 build/obj/testqueues.o
 .debug_info    0x0000000000014179     0x1df2 build/obj/testbmk.o
 .debug_info    0x0000000000015f6b      0x3ab build/obj/hal.o
 .debug_info    0x0000000000016316      0xe35 build/obj/adc.o
 .debug_info    0x000000000001714b      0x681 build/obj/pwm.o
 .debug_info    0x00000000000177cc      0xfbe build/obj/serial.o
 .debug_info    0x000000000001878a     0x10b2 build/obj/spi.o
 .debug_info    0x000000000001983c      0x2d9 build/obj/tm.o
 .debug_info    0x0000000000019b15      0x700 build/obj/stm32_dma.o
 .debug_info    0x000000000001a215      0x3ff build/obj/hal_lld.o
 .debug_info    0x000000000001a614      0xef3 build/obj/adc_lld.o
 .debug_info    0x000000000001b507      0x573 build/obj/pal_lld.o
 .debug_info    0x000000000001ba7a      0xcc1 build/obj/spi_lld.o
 .debug_info    0x000000000001c73b      0x822 build/obj/pwm_lld.o
 .debug_info    0x000000000001cf5d      0xf79 build/obj/serial_lld.o
 .debug_info    0x000000000001ded6      0x1d0 build/obj/board.o
 .debug_info    0x000000000001e0a6     0x19dc build/obj/main.o

.debug_abbrev   0x0000000000000000     0x6d4d
 .debug_abbrev  0x0000000000000000       0xf4 build/obj/crt0.o
 .debug_abbrev  0x00000000000000f4       0xaf build/obj/vectors.o
 .debug_abbrev  0x00000000000001a3       0x42 build/obj/chcore.o
 .debug_abbrev  0x00000000000001e5      0x1e2 build/obj/chcore_v7m.o
 .debug_abbrev  0x00000000000003c7      0x10e build/obj/nvic.o
 .debug_abbrev  0x00000000000004d5      0x20e build/obj/chsys.o
 .debug_abbrev  0x00000000000006e3      0x117 build/obj/chvt.o
 .debug_abbrev  0x00000000000007fa      0x313 build/obj/chschd.o
 .debug_abbrev  0x0000000000000b0d      0x344 build/obj/chthreads.o
 .debug_abbrev  0x0000000000000e51      0x232 build/obj/chdynamic.o
 .debug_abbrev  0x0000000000001083      0x176 build/obj/chregistry.o
 .debug_abbrev  0x00000000000011f9      0x310 build/obj/chsem.o
 .debug_abbrev  0x0000000000001509      0x2f1 build/obj/chmtx.o
 .debug_abbrev  0x00000000000017fa      0x2de build/obj/chcond.o
 .debug_abbrev  0x0000000000001ad8      0x2f8 build/obj/chevents.o
 .debug_abbrev  0x0000000000001dd0      0x220 build/obj/chmsg.o
 .debug_abbrev  0x0000000000001ff0      0x251 build/obj/chmboxes.o
 .debug_abbrev  0x0000000000002241      0x31d build/obj/chqueues.o
 .debug_abbrev  0x000000000000255e      0x15b build/obj/chmemcore.o
 .debug_abbrev  0x00000000000026b9      0x1e7 build/obj/chheap.o
 .debug_abbrev  0x00000000000028a0      0x1f7 build/obj/chmempools.o
 .debug_abbrev  0x0000000000002a97      0x4e7 build/obj/test.o
 .debug_abbrev  0x0000000000002f7e      0x29f build/obj/testthd.o
 .debug_abbrev  0x000000000000321d      0x2e6 build/obj/testsem.o
 .debug_abbrev  0x0000000000003503      0x2f7 build/obj/testmtx.o
 .debug_abbrev  0x00000000000037fa      0x21a build/obj/testmsg.o
 .debug_abbrev  0x0000000000003a14      0x228 build/obj/testmbox.o
 .debug_abbrev  0x0000000000003c3c      0x2df build/obj/testevt.o
 .debug_abbrev  0x0000000000003f1b      0x232 build/obj/testheap.o
 .debug_abbrev  0x000000000000414d      0x1c8 build/obj/testpools.o
 .debug_abbrev  0x0000000000004315      0x29e build/obj/testdyn.o
 .debug_abbrev  0x00000000000045b3      0x2eb build/obj/testqueues.o
 .debug_abbrev  0x000000000000489e      0x350 build/obj/testbmk.o
 .debug_abbrev  0x0000000000004bee      0x1bf build/obj/hal.o
 .debug_abbrev  0x0000000000004dad      0x2f7 build/obj/adc.o
 .debug_abbrev  0x00000000000050a4      0x19a build/obj/pwm.o
 .debug_abbrev  0x000000000000523e      0x2b9 build/obj/serial.o
 .debug_abbrev  0x00000000000054f7      0x276 build/obj/spi.o
 .debug_abbrev  0x000000000000576d      0x19a build/obj/tm.o
 .debug_abbrev  0x0000000000005907      0x202 build/obj/stm32_dma.o
 .debug_abbrev  0x0000000000005b09      0x12b build/obj/hal_lld.o
 .debug_abbrev  0x0000000000005c34      0x324 build/obj/adc_lld.o
 .debug_abbrev  0x0000000000005f58      0x189 build/obj/pal_lld.o
 .debug_abbrev  0x00000000000060e1      0x304 build/obj/spi_lld.o
 .debug_abbrev  0x00000000000063e5      0x23e build/obj/pwm_lld.o
 .debug_abbrev  0x0000000000006623      0x314 build/obj/serial_lld.o
 .debug_abbrev  0x0000000000006937       0xe3 build/obj/board.o
 .debug_abbrev  0x0000000000006a1a      0x333 build/obj/main.o

.debug_loc      0x0000000000000000     0x627c
 .debug_loc     0x0000000000000000       0xe2 build/obj/crt0.o
 .debug_loc     0x00000000000000e2       0x5a build/obj/chcore_v7m.o
 .debug_loc     0x000000000000013c      0x169 build/obj/nvic.o
 .debug_loc     0x00000000000002a5       0x31 build/obj/chsys.o
 .debug_loc     0x00000000000002d6       0x6a build/obj/chvt.o
 .debug_loc     0x0000000000000340      0x2bf build/obj/chschd.o
 .debug_loc     0x00000000000005ff      0x344 build/obj/chthreads.o
 .debug_loc     0x0000000000000943      0x1d4 build/obj/chdynamic.o
 .debug_loc     0x0000000000000b17       0x21 build/obj/chregistry.o
 .debug_loc     0x0000000000000b38      0x4e9 build/obj/chsem.o
 .debug_loc     0x0000000000001021      0x38b build/obj/chmtx.o
 .debug_loc     0x00000000000013ac      0x29e build/obj/chcond.o
 .debug_loc     0x000000000000164a      0x4b8 build/obj/chevents.o
 .debug_loc     0x0000000000001b02      0x125 build/obj/chmsg.o
 .debug_loc     0x0000000000001c27      0x497 build/obj/chmboxes.o
 .debug_loc     0x00000000000020be      0x6b0 build/obj/chqueues.o
 .debug_loc     0x000000000000276e       0xaa build/obj/chmemcore.o
 .debug_loc     0x0000000000002818      0x3ae build/obj/chheap.o
 .debug_loc     0x0000000000002bc6      0x185 build/obj/chmempools.o
 .debug_loc     0x0000000000002d4b      0x886 build/obj/test.o
 .debug_loc     0x00000000000035d1       0xa7 build/obj/testthd.o
 .debug_loc     0x0000000000003678      0x134 build/obj/testsem.o
 .debug_loc     0x00000000000037ac      0x2c5 build/obj/testmtx.o
 .debug_loc     0x0000000000003a71       0x5a build/obj/testmsg.o
 .debug_loc     0x0000000000003acb      0x1fb build/obj/testmbox.o
 .debug_loc     0x0000000000003cc6      0x22b build/obj/testevt.o
 .debug_loc     0x0000000000003ef1      0x14c build/obj/testheap.o
 .debug_loc     0x000000000000403d       0xa6 build/obj/testpools.o
 .debug_loc     0x00000000000040e3      0x117 build/obj/testdyn.o
 .debug_loc     0x00000000000041fa      0x1c5 build/obj/testqueues.o
 .debug_loc     0x00000000000043bf      0x28d build/obj/testbmk.o
 .debug_loc     0x000000000000464c       0x58 build/obj/hal.o
 .debug_loc     0x00000000000046a4      0x39b build/obj/adc.o
 .debug_loc     0x0000000000004a3f      0x102 build/obj/pwm.o
 .debug_loc     0x0000000000004b41      0x4c8 build/obj/serial.o
 .debug_loc     0x0000000000005009      0x422 build/obj/spi.o
 .debug_loc     0x000000000000542b       0x6d build/obj/tm.o
 .debug_loc     0x0000000000005498      0x1a6 build/obj/stm32_dma.o
 .debug_loc     0x000000000000563e      0x2cd build/obj/adc_lld.o
 .debug_loc     0x000000000000590b      0x169 build/obj/pal_lld.o
 .debug_loc     0x0000000000005a74      0x254 build/obj/spi_lld.o
 .debug_loc     0x0000000000005cc8      0x227 build/obj/pwm_lld.o
 .debug_loc     0x0000000000005eef      0x1e2 build/obj/serial_lld.o
 .debug_loc     0x00000000000060d1      0x1ab build/obj/main.o

.debug_aranges  0x0000000000000000      0xfd8
 .debug_aranges
                0x0000000000000000       0x38 build/obj/crt0.o
 .debug_aranges
                0x0000000000000038       0x20 build/obj/vectors.o
 .debug_aranges
                0x0000000000000058       0x20 build/obj/chcore.o
 .debug_aranges
                0x0000000000000078       0x50 build/obj/chcore_v7m.o
 .debug_aranges
                0x00000000000000c8       0x30 build/obj/nvic.o
 .debug_aranges
                0x00000000000000f8       0x30 build/obj/chsys.o
 .debug_aranges
                0x0000000000000128       0x30 build/obj/chvt.o
 .debug_aranges
                0x0000000000000158       0x68 build/obj/chschd.o
 .debug_aranges
                0x00000000000001c0       0x78 build/obj/chthreads.o
 .debug_aranges
                0x0000000000000238       0x38 build/obj/chdynamic.o
 .debug_aranges
                0x0000000000000270       0x28 build/obj/chregistry.o
 .debug_aranges
                0x0000000000000298       0x70 build/obj/chsem.o
 .debug_aranges
                0x0000000000000308       0x58 build/obj/chmtx.o
 .debug_aranges
                0x0000000000000360       0x60 build/obj/chcond.o
 .debug_aranges
                0x00000000000003c0       0xa0 build/obj/chevents.o
 .debug_aranges
                0x0000000000000460       0x30 build/obj/chmsg.o
 .debug_aranges
                0x0000000000000490       0x70 build/obj/chmboxes.o
 .debug_aranges
                0x0000000000000500       0x70 build/obj/chqueues.o
 .debug_aranges
                0x0000000000000570       0x38 build/obj/chmemcore.o
 .debug_aranges
                0x00000000000005a8       0x40 build/obj/chheap.o
 .debug_aranges
                0x00000000000005e8       0x48 build/obj/chmempools.o
 .debug_aranges
                0x0000000000000630       0x98 build/obj/test.o
 .debug_aranges
                0x00000000000006c8       0x40 build/obj/testthd.o
 .debug_aranges
                0x0000000000000708       0x70 build/obj/testsem.o
 .debug_aranges
                0x0000000000000778      0x108 build/obj/testmtx.o
 .debug_aranges
                0x0000000000000880       0x28 build/obj/testmsg.o
 .debug_aranges
                0x00000000000008a8       0x28 build/obj/testmbox.o
 .debug_aranges
                0x00000000000008d0       0x70 build/obj/testevt.o
 .debug_aranges
                0x0000000000000940       0x28 build/obj/testheap.o
 .debug_aranges
                0x0000000000000968       0x30 build/obj/testpools.o
 .debug_aranges
                0x0000000000000998       0x58 build/obj/testdyn.o
 .debug_aranges
                0x00000000000009f0       0x50 build/obj/testqueues.o
 .debug_aranges
                0x0000000000000a40       0xd0 build/obj/testbmk.o
 .debug_aranges
                0x0000000000000b10       0x30 build/obj/hal.o
 .debug_aranges
                0x0000000000000b40       0x70 build/obj/adc.o
 .debug_aranges
                0x0000000000000bb0       0x50 build/obj/pwm.o
 .debug_aranges
                0x0000000000000c00       0x88 build/obj/serial.o
 .debug_aranges
                0x0000000000000c88       0x98 build/obj/spi.o
 .debug_aranges
                0x0000000000000d20       0x38 build/obj/tm.o
 .debug_aranges
                0x0000000000000d58       0x68 build/obj/stm32_dma.o
 .debug_aranges
                0x0000000000000dc0       0x28 build/obj/hal_lld.o
 .debug_aranges
                0x0000000000000de8       0x60 build/obj/adc_lld.o
 .debug_aranges
                0x0000000000000e48       0x28 build/obj/pal_lld.o
 .debug_aranges
                0x0000000000000e70       0x78 build/obj/spi_lld.o
 .debug_aranges
                0x0000000000000ee8       0x48 build/obj/pwm_lld.o
 .debug_aranges
                0x0000000000000f30       0x40 build/obj/serial_lld.o
 .debug_aranges
                0x0000000000000f70       0x28 build/obj/board.o
 .debug_aranges
                0x0000000000000f98       0x40 build/obj/main.o

.debug_ranges   0x0000000000000000     0x1a40
 .debug_ranges  0x0000000000000000       0x28 build/obj/crt0.o
 .debug_ranges  0x0000000000000028       0x10 build/obj/vectors.o
 .debug_ranges  0x0000000000000038       0x10 build/obj/chcore.o
 .debug_ranges  0x0000000000000048       0x58 build/obj/chcore_v7m.o
 .debug_ranges  0x00000000000000a0       0x20 build/obj/nvic.o
 .debug_ranges  0x00000000000000c0       0x38 build/obj/chsys.o
 .debug_ranges  0x00000000000000f8       0x20 build/obj/chvt.o
 .debug_ranges  0x0000000000000118      0x150 build/obj/chschd.o
 .debug_ranges  0x0000000000000268      0x160 build/obj/chthreads.o
 .debug_ranges  0x00000000000003c8       0x58 build/obj/chdynamic.o
 .debug_ranges  0x0000000000000420       0x30 build/obj/chregistry.o
 .debug_ranges  0x0000000000000450      0x110 build/obj/chsem.o
 .debug_ranges  0x0000000000000560      0x170 build/obj/chmtx.o
 .debug_ranges  0x00000000000006d0       0xa8 build/obj/chcond.o
 .debug_ranges  0x0000000000000778      0x138 build/obj/chevents.o
 .debug_ranges  0x00000000000008b0       0x68 build/obj/chmsg.o
 .debug_ranges  0x0000000000000918       0x78 build/obj/chmboxes.o
 .debug_ranges  0x0000000000000990       0xb8 build/obj/chqueues.o
 .debug_ranges  0x0000000000000a48       0x28 build/obj/chmemcore.o
 .debug_ranges  0x0000000000000a70       0x30 build/obj/chheap.o
 .debug_ranges  0x0000000000000aa0       0xc8 build/obj/chmempools.o
 .debug_ranges  0x0000000000000b68      0x130 build/obj/test.o
 .debug_ranges  0x0000000000000c98       0x90 build/obj/testthd.o
 .debug_ranges  0x0000000000000d28       0x90 build/obj/testsem.o
 .debug_ranges  0x0000000000000db8      0x110 build/obj/testmtx.o
 .debug_ranges  0x0000000000000ec8       0x18 build/obj/testmsg.o
 .debug_ranges  0x0000000000000ee0       0xc0 build/obj/testmbox.o
 .debug_ranges  0x0000000000000fa0       0x78 build/obj/testevt.o
 .debug_ranges  0x0000000000001018       0x18 build/obj/testheap.o
 .debug_ranges  0x0000000000001030       0x40 build/obj/testpools.o
 .debug_ranges  0x0000000000001070       0x48 build/obj/testdyn.o
 .debug_ranges  0x00000000000010b8       0xd0 build/obj/testqueues.o
 .debug_ranges  0x0000000000001188       0xc0 build/obj/testbmk.o
 .debug_ranges  0x0000000000001248       0x38 build/obj/hal.o
 .debug_ranges  0x0000000000001280       0xf8 build/obj/adc.o
 .debug_ranges  0x0000000000001378       0x88 build/obj/pwm.o
 .debug_ranges  0x0000000000001400       0xa8 build/obj/serial.o
 .debug_ranges  0x00000000000014a8      0x100 build/obj/spi.o
 .debug_ranges  0x00000000000015a8       0x78 build/obj/tm.o
 .debug_ranges  0x0000000000001620       0x58 build/obj/stm32_dma.o
 .debug_ranges  0x0000000000001678       0x38 build/obj/hal_lld.o
 .debug_ranges  0x00000000000016b0       0xb8 build/obj/adc_lld.o
 .debug_ranges  0x0000000000001768      0x158 build/obj/pal_lld.o
 .debug_ranges  0x00000000000018c0       0x68 build/obj/spi_lld.o
 .debug_ranges  0x0000000000001928       0x50 build/obj/pwm_lld.o
 .debug_ranges  0x0000000000001978       0x80 build/obj/serial_lld.o
 .debug_ranges  0x00000000000019f8       0x18 build/obj/board.o
 .debug_ranges  0x0000000000001a10       0x30 build/obj/main.o

.debug_line     0x0000000000000000     0x7a9e
 .debug_line    0x0000000000000000      0x10f build/obj/crt0.o
 .debug_line    0x000000000000010f       0xb9 build/obj/vectors.o
 .debug_line    0x00000000000001c8       0x5e build/obj/chcore.o
 .debug_line    0x0000000000000226      0x200 build/obj/chcore_v7m.o
 .debug_line    0x0000000000000426       0xf2 build/obj/nvic.o
 .debug_line    0x0000000000000518      0x1ee build/obj/chsys.o
 .debug_line    0x0000000000000706      0x143 build/obj/chvt.o
 .debug_line    0x0000000000000849      0x34a build/obj/chschd.o
 .debug_line    0x0000000000000b93      0x39f build/obj/chthreads.o
 .debug_line    0x0000000000000f32      0x20a build/obj/chdynamic.o
 .debug_line    0x000000000000113c      0x1b8 build/obj/chregistry.o
 .debug_line    0x00000000000012f4      0x318 build/obj/chsem.o
 .debug_line    0x000000000000160c      0x33c build/obj/chmtx.o
 .debug_line    0x0000000000001948      0x283 build/obj/chcond.o
 .debug_line    0x0000000000001bcb      0x31c build/obj/chevents.o
 .debug_line    0x0000000000001ee7      0x1aa build/obj/chmsg.o
 .debug_line    0x0000000000002091      0x279 build/obj/chmboxes.o
 .debug_line    0x000000000000230a      0x37a build/obj/chqueues.o
 .debug_line    0x0000000000002684      0x12e build/obj/chmemcore.o
 .debug_line    0x00000000000027b2      0x260 build/obj/chheap.o
 .debug_line    0x0000000000002a12      0x1b8 build/obj/chmempools.o
 .debug_line    0x0000000000002bca      0x515 build/obj/test.o
 .debug_line    0x00000000000030df      0x221 build/obj/testthd.o
 .debug_line    0x0000000000003300      0x2e9 build/obj/testsem.o
 .debug_line    0x00000000000035e9      0x4ba build/obj/testmtx.o
 .debug_line    0x0000000000003aa3      0x1ab build/obj/testmsg.o
 .debug_line    0x0000000000003c4e      0x244 build/obj/testmbox.o
 .debug_line    0x0000000000003e92      0x2a6 build/obj/testevt.o
 .debug_line    0x0000000000004138      0x1d7 build/obj/testheap.o
 .debug_line    0x000000000000430f      0x138 build/obj/testpools.o
 .debug_line    0x0000000000004447      0x2cb build/obj/testdyn.o
 .debug_line    0x0000000000004712      0x273 build/obj/testqueues.o
 .debug_line    0x0000000000004985      0x5a4 build/obj/testbmk.o
 .debug_line    0x0000000000004f29      0x2a6 build/obj/hal.o
 .debug_line    0x00000000000051cf      0x35e build/obj/adc.o
 .debug_line    0x000000000000552d      0x1d9 build/obj/pwm.o
 .debug_line    0x0000000000005706      0x37b build/obj/serial.o
 .debug_line    0x0000000000005a81      0x3cd build/obj/spi.o
 .debug_line    0x0000000000005e4e      0x1f0 build/obj/tm.o
 .debug_line    0x000000000000603e      0x2b4 build/obj/stm32_dma.o
 .debug_line    0x00000000000062f2      0x1f6 build/obj/hal_lld.o
 .debug_line    0x00000000000064e8      0x3f9 build/obj/adc_lld.o
 .debug_line    0x00000000000068e1      0x1e5 build/obj/pal_lld.o